Archive member included to satisfy reference by file (symbol)

c:/st/stm32cubeide_1.7.0/stm32cubeide/plugins/com.st.stm32cube.ide.mcu.externaltools.gnu-tools-for-stm32.9-2020-q2-update.win32_2.0.0.202105311346/tools/bin/../lib/gcc/arm-none-eabi/9.3.1/../../../../arm-none-eabi/lib/thumb/v7-m/nofp\libc_nano.a(lib_a-errno.o)
                              ./Core/Src/syscalls.o (__errno)
c:/st/stm32cubeide_1.7.0/stm32cubeide/plugins/com.st.stm32cube.ide.mcu.externaltools.gnu-tools-for-stm32.9-2020-q2-update.win32_2.0.0.202105311346/tools/bin/../lib/gcc/arm-none-eabi/9.3.1/../../../../arm-none-eabi/lib/thumb/v7-m/nofp\libc_nano.a(lib_a-exit.o)
                              c:/st/stm32cubeide_1.7.0/stm32cubeide/plugins/com.st.stm32cube.ide.mcu.externaltools.gnu-tools-for-stm32.9-2020-q2-update.win32_2.0.0.202105311346/tools/bin/../lib/gcc/arm-none-eabi/9.3.1/../../../../arm-none-eabi/lib/thumb/v7-m/nofp/crt0.o (exit)
c:/st/stm32cubeide_1.7.0/stm32cubeide/plugins/com.st.stm32cube.ide.mcu.externaltools.gnu-tools-for-stm32.9-2020-q2-update.win32_2.0.0.202105311346/tools/bin/../lib/gcc/arm-none-eabi/9.3.1/../../../../arm-none-eabi/lib/thumb/v7-m/nofp\libc_nano.a(lib_a-impure.o)
                              c:/st/stm32cubeide_1.7.0/stm32cubeide/plugins/com.st.stm32cube.ide.mcu.externaltools.gnu-tools-for-stm32.9-2020-q2-update.win32_2.0.0.202105311346/tools/bin/../lib/gcc/arm-none-eabi/9.3.1/../../../../arm-none-eabi/lib/thumb/v7-m/nofp\libc_nano.a(lib_a-exit.o) (_global_impure_ptr)
c:/st/stm32cubeide_1.7.0/stm32cubeide/plugins/com.st.stm32cube.ide.mcu.externaltools.gnu-tools-for-stm32.9-2020-q2-update.win32_2.0.0.202105311346/tools/bin/../lib/gcc/arm-none-eabi/9.3.1/../../../../arm-none-eabi/lib/thumb/v7-m/nofp\libc_nano.a(lib_a-init.o)
                              c:/st/stm32cubeide_1.7.0/stm32cubeide/plugins/com.st.stm32cube.ide.mcu.externaltools.gnu-tools-for-stm32.9-2020-q2-update.win32_2.0.0.202105311346/tools/bin/../lib/gcc/arm-none-eabi/9.3.1/../../../../arm-none-eabi/lib/thumb/v7-m/nofp/crt0.o (__libc_init_array)
c:/st/stm32cubeide_1.7.0/stm32cubeide/plugins/com.st.stm32cube.ide.mcu.externaltools.gnu-tools-for-stm32.9-2020-q2-update.win32_2.0.0.202105311346/tools/bin/../lib/gcc/arm-none-eabi/9.3.1/../../../../arm-none-eabi/lib/thumb/v7-m/nofp\libc_nano.a(lib_a-memset.o)
                              c:/st/stm32cubeide_1.7.0/stm32cubeide/plugins/com.st.stm32cube.ide.mcu.externaltools.gnu-tools-for-stm32.9-2020-q2-update.win32_2.0.0.202105311346/tools/bin/../lib/gcc/arm-none-eabi/9.3.1/../../../../arm-none-eabi/lib/thumb/v7-m/nofp/crt0.o (memset)

Allocating common symbols
Common symbol       size              file

uwTick              0x4               ./Drivers/STM32F1xx_HAL_Driver/Src/stm32f1xx_hal.o
pFlash              0x20              ./Drivers/STM32F1xx_HAL_Driver/Src/stm32f1xx_hal_flash.o
temp_time           0x4               ./Core/Src/fsm_manual.o
button              0x70              ./Core/Src/button.o
actions             0x3c              ./Core/Src/timer.o
htim2               0x48              ./Core/Src/main.o

Discarded input sections

 .text          0x0000000000000000        0x0 c:/st/stm32cubeide_1.7.0/stm32cubeide/plugins/com.st.stm32cube.ide.mcu.externaltools.gnu-tools-for-stm32.9-2020-q2-update.win32_2.0.0.202105311346/tools/bin/../lib/gcc/arm-none-eabi/9.3.1/thumb/v7-m/nofp/crti.o
 .data          0x0000000000000000        0x0 c:/st/stm32cubeide_1.7.0/stm32cubeide/plugins/com.st.stm32cube.ide.mcu.externaltools.gnu-tools-for-stm32.9-2020-q2-update.win32_2.0.0.202105311346/tools/bin/../lib/gcc/arm-none-eabi/9.3.1/thumb/v7-m/nofp/crti.o
 .bss           0x0000000000000000        0x0 c:/st/stm32cubeide_1.7.0/stm32cubeide/plugins/com.st.stm32cube.ide.mcu.externaltools.gnu-tools-for-stm32.9-2020-q2-update.win32_2.0.0.202105311346/tools/bin/../lib/gcc/arm-none-eabi/9.3.1/thumb/v7-m/nofp/crti.o
 .data          0x0000000000000000        0x4 c:/st/stm32cubeide_1.7.0/stm32cubeide/plugins/com.st.stm32cube.ide.mcu.externaltools.gnu-tools-for-stm32.9-2020-q2-update.win32_2.0.0.202105311346/tools/bin/../lib/gcc/arm-none-eabi/9.3.1/thumb/v7-m/nofp/crtbegin.o
 .text          0x0000000000000000       0x7c c:/st/stm32cubeide_1.7.0/stm32cubeide/plugins/com.st.stm32cube.ide.mcu.externaltools.gnu-tools-for-stm32.9-2020-q2-update.win32_2.0.0.202105311346/tools/bin/../lib/gcc/arm-none-eabi/9.3.1/../../../../arm-none-eabi/lib/thumb/v7-m/nofp/crt0.o
 .data          0x0000000000000000        0x0 c:/st/stm32cubeide_1.7.0/stm32cubeide/plugins/com.st.stm32cube.ide.mcu.externaltools.gnu-tools-for-stm32.9-2020-q2-update.win32_2.0.0.202105311346/tools/bin/../lib/gcc/arm-none-eabi/9.3.1/../../../../arm-none-eabi/lib/thumb/v7-m/nofp/crt0.o
 .bss           0x0000000000000000        0x0 c:/st/stm32cubeide_1.7.0/stm32cubeide/plugins/com.st.stm32cube.ide.mcu.externaltools.gnu-tools-for-stm32.9-2020-q2-update.win32_2.0.0.202105311346/tools/bin/../lib/gcc/arm-none-eabi/9.3.1/../../../../arm-none-eabi/lib/thumb/v7-m/nofp/crt0.o
[...]
Memory Configuration

Name             Origin             Length             Attributes
RAM              0x0000000020000000 0x0000000000002800 xrw
FLASH            0x0000000008000000 0x0000000000008000 xr
*default*        0x0000000000000000 0xffffffffffffffff

Linker script and memory map

LOAD c:/st/stm32cubeide_1.7.0/stm32cubeide/plugins/com.st.stm32cube.ide.mcu.externaltools.gnu-tools-for-stm32.9-2020-q2-update.win32_2.0.0.202105311346/tools/bin/../lib/gcc/arm-none-eabi/9.3.1/thumb/v7-m/nofp/crti.o
LOAD c:/st/stm32cubeide_1.7.0/stm32cubeide/plugins/com.st.stm32cube.ide.mcu.externaltools.gnu-tools-for-stm32.9-2020-q2-update.win32_2.0.0.202105311346/tools/bin/../lib/gcc/arm-none-eabi/9.3.1/thumb/v7-m/nofp/crtbegin.o
LOAD c:/st/stm32cubeide_1.7.0/stm32cubeide/plugins/com.st.stm32cube.ide.mcu.externaltools.gnu-tools-for-stm32.9-2020-q2-update.win32_2.0.0.202105311346/tools/bin/../lib/gcc/arm-none-eabi/9.3.1/../../../../arm-none-eabi/lib/thumb/v7-m/nofp/crt0.o
LOAD ./Core/Src/7_SEGMENT.o
LOAD ./Core/Src/button.o
LOAD ./Core/Src/fsm_auto.o
LOAD ./Core/Src/fsm_manual.o
LOAD ./Core/Src/global.o
LOAD ./Core/Src/led.o
LOAD ./Core/Src/main.o
LOAD ./Core/Src/stm32f1xx_hal_msp.o
LOAD ./Core/Src/stm32f1xx_it.o
LOAD ./Core/Src/syscalls.o
LOAD ./Core/Src/sysmem.o
LOAD ./Core/Src/system_stm32f1xx.o
LOAD ./Core/Src/timer.o
LOAD ./Core/Startup/startup_stm32f103c6ux.o
LOAD ./Drivers/STM32F1xx_HAL_Driver/Src/stm32f1xx_hal.o
LOAD ./Drivers/STM32F1xx_HAL_Driver/Src/stm32f1xx_hal_cortex.o
LOAD ./Drivers/STM32F1xx_HAL_Driver/Src/stm32f1xx_hal_dma.o
LOAD ./Drivers/STM32F1xx_HAL_Driver/Src/stm32f1xx_hal_exti.o
LOAD ./Drivers/STM32F1xx_HAL_Driver/Src/stm32f1xx_hal_flash.o
LOAD ./Drivers/STM32F1xx_HAL_Driver/Src/stm32f1xx_hal_flash_ex.o
LOAD ./Drivers/STM32F1xx_HAL_Driver/Src/stm32f1xx_hal_gpio.o
LOAD ./Drivers/STM32F1xx_HAL_Driver/Src/stm32f1xx_hal_gpio_ex.o
LOAD ./Drivers/STM32F1xx_HAL_Driver/Src/stm32f1xx_hal_pwr.o
LOAD ./Drivers/STM32F1xx_HAL_Driver/Src/stm32f1xx_hal_rcc.o
LOAD ./Drivers/STM32F1xx_HAL_Driver/Src/stm32f1xx_hal_rcc_ex.o
LOAD ./Drivers/STM32F1xx_HAL_Driver/Src/stm32f1xx_hal_tim.o
LOAD ./Drivers/STM32F1xx_HAL_Driver/Src/stm32f1xx_hal_tim_ex.o
START GROUP
LOAD c:/st/stm32cubeide_1.7.0/stm32cubeide/plugins/com.st.stm32cube.ide.mcu.externaltools.gnu-tools-for-stm32.9-2020-q2-update.win32_2.0.0.202105311346/tools/bin/../lib/gcc/arm-none-eabi/9.3.1/../../../../arm-none-eabi/lib/thumb/v7-m/nofp\libc_nano.a
LOAD c:/st/stm32cubeide_1.7.0/stm32cubeide/plugins/com.st.stm32cube.ide.mcu.externaltools.gnu-tools-for-stm32.9-2020-q2-update.win32_2.0.0.202105311346/tools/bin/../lib/gcc/arm-none-eabi/9.3.1/../../../../arm-none-eabi/lib/thumb/v7-m/nofp\libm.a
END GROUP
START GROUP
LOAD c:/st/stm32cubeide_1.7.0/stm32cubeide/plugins/com.st.stm32cube.ide.mcu.externaltools.gnu-tools-for-stm32.9-2020-q2-update.win32_2.0.0.202105311346/tools/bin/../lib/gcc/arm-none-eabi/9.3.1/thumb/v7-m/nofp\libgcc.a
LOAD c:/st/stm32cubeide_1.7.0/stm32cubeide/plugins/com.st.stm32cube.ide.mcu.externaltools.gnu-tools-for-stm32.9-2020-q2-update.win32_2.0.0.202105311346/tools/bin/../lib/gcc/arm-none-eabi/9.3.1/../../../../arm-none-eabi/lib/thumb/v7-m/nofp\libc_nano.a
END GROUP
START GROUP
LOAD c:/st/stm32cubeide_1.7.0/stm32cubeide/plugins/com.st.stm32cube.ide.mcu.externaltools.gnu-tools-for-stm32.9-2020-q2-update.win32_2.0.0.202105311346/tools/bin/../lib/gcc/arm-none-eabi/9.3.1/thumb/v7-m/nofp\libgcc.a
LOAD c:/st/stm32cubeide_1.7.0/stm32cubeide/plugins/com.st.stm32cube.ide.mcu.externaltools.gnu-tools-for-stm32.9-2020-q2-update.win32_2.0.0.202105311346/tools/bin/../lib/gcc/arm-none-eabi/9.3.1/../../../../arm-none-eabi/lib/thumb/v7-m/nofp\libc_nano.a
LOAD c:/st/stm32cubeide_1.7.0/stm32cubeide/plugins/com.st.stm32cube.ide.mcu.externaltools.gnu-tools-for-stm32.9-2020-q2-update.win32_2.0.0.202105311346/tools/bin/../lib/gcc/arm-none-eabi/9.3.1/../../../../arm-none-eabi/lib/thumb/v7-m/nofp\libnosys.a
END GROUP
START GROUP
LOAD c:/st/stm32cubeide_1.7.0/stm32cubeide/plugins/com.st.stm32cube.ide.mcu.externaltools.gnu-tools-for-stm32.9-2020-q2-update.win32_2.0.0.202105311346/tools/bin/../lib/gcc/arm-none-eabi/9.3.1/thumb/v7-m/nofp\libgcc.a
LOAD c:/st/stm32cubeide_1.7.0/stm32cubeide/plugins/com.st.stm32cube.ide.mcu.externaltools.gnu-tools-for-stm32.9-2020-q2-update.win32_2.0.0.202105311346/tools/bin/../lib/gcc/arm-none-eabi/9.3.1/../../../../arm-none-eabi/lib/thumb/v7-m/nofp\libc_nano.a
LOAD c:/st/stm32cubeide_1.7.0/stm32cubeide/plugins/com.st.stm32cube.ide.mcu.externaltools.gnu-tools-for-stm32.9-2020-q2-update.win32_2.0.0.202105311346/tools/bin/../lib/gcc/arm-none-eabi/9.3.1/../../../../arm-none-eabi/lib/thumb/v7-m/nofp\libnosys.a
END GROUP
LOAD c:/st/stm32cubeide_1.7.0/stm32cubeide/plugins/com.st.stm32cube.ide.mcu.externaltools.gnu-tools-for-stm32.9-2020-q2-update.win32_2.0.0.202105311346/tools/bin/../lib/gcc/arm-none-eabi/9.3.1/thumb/v7-m/nofp/crtend.o
LOAD c:/st/stm32cubeide_1.7.0/stm32cubeide/plugins/com.st.stm32cube.ide.mcu.externaltools.gnu-tools-for-stm32.9-2020-q2-update.win32_2.0.0.202105311346/tools/bin/../lib/gcc/arm-none-eabi/9.3.1/thumb/v7-m/nofp/crtn.o
                0x0000000020002800                _estack = (ORIGIN (RAM) + LENGTH (RAM))
                0x0000000000000200                _Min_Heap_Size = 0x200
                0x0000000000000400                _Min_Stack_Size = 0x400

.isr_vector     0x0000000008000000      0x10c
                0x0000000008000000                . = ALIGN (0x4)
 *(.isr_vector)
 .isr_vector    0x0000000008000000      0x10c ./Core/Startup/startup_stm32f103c6ux.o
                0x0000000008000000                g_pfnVectors
                0x000000000800010c                . = ALIGN (0x4)

.text           0x000000000800010c     0x26cc
                0x000000000800010c                . = ALIGN (0x4)
 *(.text)
 .text          0x000000000800010c       0x40 c:/st/stm32cubeide_1.7.0/stm32cubeide/plugins/com.st.stm32cube.ide.mcu.externaltools.gnu-tools-for-stm32.9-2020-q2-update.win32_2.0.0.202105311346/tools/bin/../lib/gcc/arm-none-eabi/9.3.1/thumb/v7-m/nofp/crtbegin.o
 *(.text*)
 .text.display7SEG
                0x000000000800014c       0x6c ./Core/Src/7_SEGMENT.o
                0x000000000800014c                display7SEG
 .text.update7SEG
                0x00000000080001b8       0xf8 ./Core/Src/7_SEGMENT.o
                0x00000000080001b8                update7SEG
 .text.isButtonPress
                0x00000000080002b0       0x58 ./Core/Src/button.o
                0x00000000080002b0                isButtonPress
 .text.isModePress
                0x0000000008000308       0x10 ./Core/Src/button.o
                0x0000000008000308                isModePress
 .text.isTimePress
                0x0000000008000318       0x10 ./Core/Src/button.o
                0x0000000008000318                isTimePress
 .text.isSetPress
                0x0000000008000328       0x10 ./Core/Src/button.o
                0x0000000008000328                isSetPress
 .text.getKeyInput
                0x0000000008000338      0x234 ./Core/Src/button.o
                0x0000000008000338                getKeyInput
 .text.handle_auto_events
                0x000000000800056c       0x74 ./Core/Src/fsm_auto.o
                0x000000000800056c                handle_auto_events
 .text.fsm_auto_run
                0x00000000080005e0       0x98 ./Core/Src/fsm_auto.o
                0x00000000080005e0                fsm_auto_run
 .text.come_back_auto
                0x0000000008000678       0x54 ./Core/Src/fsm_auto.o
                0x0000000008000678                come_back_auto
 .text.init_RED_GREEN
                0x00000000080006cc       0x6c ./Core/Src/fsm_auto.o
                0x00000000080006cc                init_RED_GREEN
 .text.init_RED_AMBER
                0x0000000008000738       0x60 ./Core/Src/fsm_auto.o
                0x0000000008000738                init_RED_AMBER
 .text.init_GREEN_RED
                0x0000000008000798       0x6c ./Core/Src/fsm_auto.o
                0x0000000008000798                init_GREEN_RED
 .text.init_AMBER_RED
                0x0000000008000804       0x60 ./Core/Src/fsm_auto.o
                0x0000000008000804                init_AMBER_RED
 .text.getButtonEvent
                0x0000000008000864       0x34 ./Core/Src/fsm_manual.o
                0x0000000008000864                getButtonEvent
 .text.init_fsm_manual
                0x0000000008000898       0x40 ./Core/Src/fsm_manual.o
                0x0000000008000898                init_fsm_manual
 .text.handleButton
                0x00000000080008d8      0x100 ./Core/Src/fsm_manual.o
                0x00000000080008d8                handleButton
 .text.handleBlinkLed
                0x00000000080009d8       0x28 ./Core/Src/fsm_manual.o
                0x00000000080009d8                handleBlinkLed
 .text.fsm_manual_run
                0x0000000008000a00       0x58 ./Core/Src/fsm_manual.o
                0x0000000008000a00                fsm_manual_run
 .text.run      0x0000000008000a58       0x58 ./Core/Src/global.o
                0x0000000008000a58                run
 .text.turn_on_LED
                0x0000000008000ab0       0x2c ./Core/Src/led.o
                0x0000000008000ab0                turn_on_LED
 .text.turn_off_LED
                0x0000000008000adc       0x2c ./Core/Src/led.o
                0x0000000008000adc                turn_off_LED
 .text.toggle_LED
                0x0000000008000b08       0x28 ./Core/Src/led.o
                0x0000000008000b08                toggle_LED
 .text.init_blinkLED
                0x0000000008000b30       0x9e ./Core/Src/led.o
                0x0000000008000b30                init_blinkLED
 .text.blinkLED
                0x0000000008000bce       0x56 ./Core/Src/led.o
                0x0000000008000bce                blinkLED
 .text.main     0x0000000008000c24       0x44 ./Core/Src/main.o
                0x0000000008000c24                main
 .text.SystemClock_Config
                0x0000000008000c68       0x76 ./Core/Src/main.o
                0x0000000008000c68                SystemClock_Config
 *fill*         0x0000000008000cde        0x2 
 .text.MX_TIM2_Init
                0x0000000008000ce0       0x98 ./Core/Src/main.o
 .text.MX_GPIO_Init
                0x0000000008000d78       0xfc ./Core/Src/main.o
 .text.HAL_TIM_PeriodElapsedCallback
                0x0000000008000e74       0x28 ./Core/Src/main.o
                0x0000000008000e74                HAL_TIM_PeriodElapsedCallback
 .text.Error_Handler
                0x0000000008000e9c        0xa ./Core/Src/main.o
                0x0000000008000e9c                Error_Handler
 *fill*         0x0000000008000ea6        0x2 
 .text.HAL_MspInit
                0x0000000008000ea8       0x64 ./Core/Src/stm32f1xx_hal_msp.o
                0x0000000008000ea8                HAL_MspInit
 .text.HAL_TIM_Base_MspInit
                0x0000000008000f0c       0x48 ./Core/Src/stm32f1xx_hal_msp.o
                0x0000000008000f0c                HAL_TIM_Base_MspInit
 .text.NMI_Handler
                0x0000000008000f54        0x6 ./Core/Src/stm32f1xx_it.o
                0x0000000008000f54                NMI_Handler
 .text.HardFault_Handler
                0x0000000008000f5a        0x6 ./Core/Src/stm32f1xx_it.o
                0x0000000008000f5a                HardFault_Handler
 .text.MemManage_Handler
                0x0000000008000f60        0x6 ./Core/Src/stm32f1xx_it.o
                0x0000000008000f60                MemManage_Handler
 .text.BusFault_Handler
                0x0000000008000f66        0x6 ./Core/Src/stm32f1xx_it.o
                0x0000000008000f66                BusFault_Handler
 .text.UsageFault_Handler
                0x0000000008000f6c        0x6 ./Core/Src/stm32f1xx_it.o
                0x0000000008000f6c                UsageFault_Handler
 .text.SVC_Handler
                0x0000000008000f72        0xc ./Core/Src/stm32f1xx_it.o
                0x0000000008000f72                SVC_Handler
 .text.DebugMon_Handler
                0x0000000008000f7e        0xc ./Core/Src/stm32f1xx_it.o
                0x0000000008000f7e                DebugMon_Handler
 .text.PendSV_Handler
                0x0000000008000f8a        0xc ./Core/Src/stm32f1xx_it.o
                0x0000000008000f8a                PendSV_Handler
 .text.SysTick_Handler
                0x0000000008000f96        0xc ./Core/Src/stm32f1xx_it.o
                0x0000000008000f96                SysTick_Handler
 *fill*         0x0000000008000fa2        0x2 
 .text.TIM2_IRQHandler
                0x0000000008000fa4       0x14 ./Core/Src/stm32f1xx_it.o
                0x0000000008000fa4                TIM2_IRQHandler
 .text.SystemInit
                0x0000000008000fb8        0xc ./Core/Src/system_stm32f1xx.o
                0x0000000008000fb8                SystemInit
 .text.setupTime
                0x0000000008000fc4       0x70 ./Core/Src/timer.o
                0x0000000008000fc4                setupTime
 .text.reset    0x0000000008001034       0x4c ./Core/Src/timer.o
                0x0000000008001034                reset
 .text.timerRun
                0x0000000008001080       0x90 ./Core/Src/timer.o
                0x0000000008001080                timerRun
 .text.Reset_Handler
                0x0000000008001110       0x48 ./Core/Startup/startup_stm32f103c6ux.o
                0x0000000008001110                Reset_Handler
 .text.Default_Handler
                0x0000000008001158        0x2 ./Core/Startup/startup_stm32f103c6ux.o
                0x0000000008001158                RTC_Alarm_IRQHandler
                0x0000000008001158                EXTI2_IRQHandler
                0x0000000008001158                TIM1_CC_IRQHandler
                0x0000000008001158                PVD_IRQHandler
                0x0000000008001158                EXTI3_IRQHandler
                0x0000000008001158                EXTI0_IRQHandler
                0x0000000008001158                ADC1_2_IRQHandler
                0x0000000008001158                SPI1_IRQHandler
                0x0000000008001158                TAMPER_IRQHandler
                0x0000000008001158                DMA1_Channel4_IRQHandler
                0x0000000008001158                RTC_IRQHandler
                0x0000000008001158                DMA1_Channel7_IRQHandler
                0x0000000008001158                CAN1_RX1_IRQHandler
                0x0000000008001158                I2C1_EV_IRQHandler
                0x0000000008001158                DMA1_Channel6_IRQHandler
                0x0000000008001158                TIM3_IRQHandler
                0x0000000008001158                RCC_IRQHandler
                0x0000000008001158                TIM1_TRG_COM_IRQHandler
                0x0000000008001158                DMA1_Channel1_IRQHandler
                0x0000000008001158                Default_Handler
                0x0000000008001158                EXTI15_10_IRQHandler
                0x0000000008001158                EXTI9_5_IRQHandler
                0x0000000008001158                DMA1_Channel5_IRQHandler
                0x0000000008001158                EXTI4_IRQHandler
                0x0000000008001158                USB_LP_CAN1_RX0_IRQHandler
                0x0000000008001158                USB_HP_CAN1_TX_IRQHandler
                0x0000000008001158                DMA1_Channel3_IRQHandler
                0x0000000008001158                TIM1_UP_IRQHandler
                0x0000000008001158                WWDG_IRQHandler
                0x0000000008001158                TIM1_BRK_IRQHandler
                0x0000000008001158                EXTI1_IRQHandler
                0x0000000008001158                USART2_IRQHandler
                0x0000000008001158                DMA1_Channel2_IRQHandler
                0x0000000008001158                CAN1_SCE_IRQHandler
                0x0000000008001158                FLASH_IRQHandler
                0x0000000008001158                USART1_IRQHandler
                0x0000000008001158                I2C1_ER_IRQHandler
                0x0000000008001158                USBWakeUp_IRQHandler
 *fill*         0x000000000800115a        0x2 
 .text.HAL_Init
                0x000000000800115c       0x2c ./Drivers/STM32F1xx_HAL_Driver/Src/stm32f1xx_hal.o
                0x000000000800115c                HAL_Init
 .text.HAL_InitTick
                0x0000000008001188       0x60 ./Drivers/STM32F1xx_HAL_Driver/Src/stm32f1xx_hal.o
                0x0000000008001188                HAL_InitTick
 .text.HAL_IncTick
                0x00000000080011e8       0x24 ./Drivers/STM32F1xx_HAL_Driver/Src/stm32f1xx_hal.o
                0x00000000080011e8                HAL_IncTick
 .text.HAL_GetTick
                0x000000000800120c       0x14 ./Drivers/STM32F1xx_HAL_Driver/Src/stm32f1xx_hal.o
                0x000000000800120c                HAL_GetTick
 .text.__NVIC_SetPriorityGrouping
                0x0000000008001220       0x48 ./Drivers/STM32F1xx_HAL_Driver/Src/stm32f1xx_hal_cortex.o
 .text.__NVIC_GetPriorityGrouping
                0x0000000008001268       0x1c ./Drivers/STM32F1xx_HAL_Driver/Src/stm32f1xx_hal_cortex.o
 .text.__NVIC_EnableIRQ
                0x0000000008001284       0x38 ./Drivers/STM32F1xx_HAL_Driver/Src/stm32f1xx_hal_cortex.o
 .text.__NVIC_SetPriority
                0x00000000080012bc       0x54 ./Drivers/STM32F1xx_HAL_Driver/Src/stm32f1xx_hal_cortex.o
 .text.NVIC_EncodePriority
                0x0000000008001310       0x64 ./Drivers/STM32F1xx_HAL_Driver/Src/stm32f1xx_hal_cortex.o
 .text.SysTick_Config
                0x0000000008001374       0x44 ./Drivers/STM32F1xx_HAL_Driver/Src/stm32f1xx_hal_cortex.o
 .text.HAL_NVIC_SetPriorityGrouping
                0x00000000080013b8       0x16 ./Drivers/STM32F1xx_HAL_Driver/Src/stm32f1xx_hal_cortex.o
                0x00000000080013b8                HAL_NVIC_SetPriorityGrouping
 .text.HAL_NVIC_SetPriority
                0x00000000080013ce       0x38 ./Drivers/STM32F1xx_HAL_Driver/Src/stm32f1xx_hal_cortex.o
                0x00000000080013ce                HAL_NVIC_SetPriority
 .text.HAL_NVIC_EnableIRQ
                0x0000000008001406       0x1c ./Drivers/STM32F1xx_HAL_Driver/Src/stm32f1xx_hal_cortex.o
                0x0000000008001406                HAL_NVIC_EnableIRQ
 .text.HAL_SYSTICK_Config
                0x0000000008001422       0x18 ./Drivers/STM32F1xx_HAL_Driver/Src/stm32f1xx_hal_cortex.o
                0x0000000008001422                HAL_SYSTICK_Config
 *fill*         0x000000000800143a        0x2 
 .text.HAL_GPIO_Init
                0x000000000800143c      0x2f4 ./Drivers/STM32F1xx_HAL_Driver/Src/stm32f1xx_hal_gpio.o
                0x000000000800143c                HAL_GPIO_Init
 .text.HAL_GPIO_ReadPin
                0x0000000008001730       0x2e ./Drivers/STM32F1xx_HAL_Driver/Src/stm32f1xx_hal_gpio.o
                0x0000000008001730                HAL_GPIO_ReadPin
 .text.HAL_GPIO_WritePin
                0x000000000800175e       0x30 ./Drivers/STM32F1xx_HAL_Driver/Src/stm32f1xx_hal_gpio.o
                0x000000000800175e                HAL_GPIO_WritePin
 .text.HAL_GPIO_TogglePin
                0x000000000800178e       0x32 ./Drivers/STM32F1xx_HAL_Driver/Src/stm32f1xx_hal_gpio.o
                0x000000000800178e                HAL_GPIO_TogglePin
 .text.HAL_PWR_EnterSLEEPMode
                0x00000000080017c0       0x38 ./Drivers/STM32F1xx_HAL_Driver/Src/stm32f1xx_hal_pwr.o
                0x00000000080017c0                HAL_PWR_EnterSLEEPMode
 .text.HAL_RCC_OscConfig
                0x00000000080017f8      0x500 ./Drivers/STM32F1xx_HAL_Driver/Src/stm32f1xx_hal_rcc.o
                0x00000000080017f8                HAL_RCC_OscConfig
 .text.HAL_RCC_ClockConfig
                0x0000000008001cf8      0x1d4 ./Drivers/STM32F1xx_HAL_Driver/Src/stm32f1xx_hal_rcc.o
                0x0000000008001cf8                HAL_RCC_ClockConfig
 .text.HAL_RCC_GetSysClockFreq
                0x0000000008001ecc       0xa8 ./Drivers/STM32F1xx_HAL_Driver/Src/stm32f1xx_hal_rcc.o
                0x0000000008001ecc                HAL_RCC_GetSysClockFreq
 .text.RCC_Delay
                0x0000000008001f74       0x3c ./Drivers/STM32F1xx_HAL_Driver/Src/stm32f1xx_hal_rcc.o
 .text.HAL_TIM_Base_Init
                0x0000000008001fb0       0x9e ./Drivers/STM32F1xx_HAL_Driver/Src/stm32f1xx_hal_tim.o
                0x0000000008001fb0                HAL_TIM_Base_Init
 *fill*         0x000000000800204e        0x2 
 .text.HAL_TIM_Base_Start_IT
                0x0000000008002050       0x98 ./Drivers/STM32F1xx_HAL_Driver/Src/stm32f1xx_hal_tim.o
                0x0000000008002050                HAL_TIM_Base_Start_IT
 .text.HAL_TIM_IRQHandler
                0x00000000080020e8      0x1e0 ./Drivers/STM32F1xx_HAL_Driver/Src/stm32f1xx_hal_tim.o
                0x00000000080020e8                HAL_TIM_IRQHandler
 .text.HAL_TIM_ConfigClockSource
                0x00000000080022c8      0x18e ./Drivers/STM32F1xx_HAL_Driver/Src/stm32f1xx_hal_tim.o
                0x00000000080022c8                HAL_TIM_ConfigClockSource
 .text.HAL_TIM_OC_DelayElapsedCallback
                0x0000000008002456       0x12 ./Drivers/STM32F1xx_HAL_Driver/Src/stm32f1xx_hal_tim.o
                0x0000000008002456                HAL_TIM_OC_DelayElapsedCallback
 .text.HAL_TIM_IC_CaptureCallback
                0x0000000008002468       0x12 ./Drivers/STM32F1xx_HAL_Driver/Src/stm32f1xx_hal_tim.o
                0x0000000008002468                HAL_TIM_IC_CaptureCallback
 .text.HAL_TIM_PWM_PulseFinishedCallback
                0x000000000800247a       0x12 ./Drivers/STM32F1xx_HAL_Driver/Src/stm32f1xx_hal_tim.o
                0x000000000800247a                HAL_TIM_PWM_PulseFinishedCallback
 .text.HAL_TIM_TriggerCallback
                0x000000000800248c       0x12 ./Drivers/STM32F1xx_HAL_Driver/Src/stm32f1xx_hal_tim.o
                0x000000000800248c                HAL_TIM_TriggerCallback
 *fill*         0x000000000800249e        0x2 
 .text.TIM_Base_SetConfig
                0x00000000080024a0       0xc8 ./Drivers/STM32F1xx_HAL_Driver/Src/stm32f1xx_hal_tim.o
                0x00000000080024a0                TIM_Base_SetConfig
 .text.TIM_TI1_ConfigInputStage
                0x0000000008002568       0x5c ./Drivers/STM32F1xx_HAL_Driver/Src/stm32f1xx_hal_tim.o
 .text.TIM_TI2_ConfigInputStage
                0x00000000080025c4       0x5e ./Drivers/STM32F1xx_HAL_Driver/Src/stm32f1xx_hal_tim.o
 .text.TIM_ITRx_SetConfig
                0x0000000008002622       0x34 ./Drivers/STM32F1xx_HAL_Driver/Src/stm32f1xx_hal_tim.o
 .text.TIM_ETR_SetConfig
                0x0000000008002656       0x3e ./Drivers/STM32F1xx_HAL_Driver/Src/stm32f1xx_hal_tim.o
                0x0000000008002656                TIM_ETR_SetConfig
 .text.HAL_TIMEx_MasterConfigSynchronization
                0x0000000008002694       0xb0 ./Drivers/STM32F1xx_HAL_Driver/Src/stm32f1xx_hal_tim_ex.o
                0x0000000008002694                HAL_TIMEx_MasterConfigSynchronization
 .text.HAL_TIMEx_CommutCallback
                0x0000000008002744       0x12 ./Drivers/STM32F1xx_HAL_Driver/Src/stm32f1xx_hal_tim_ex.o
                0x0000000008002744                HAL_TIMEx_CommutCallback
 .text.HAL_TIMEx_BreakCallback
                0x0000000008002756       0x12 ./Drivers/STM32F1xx_HAL_Driver/Src/stm32f1xx_hal_tim_ex.o
                0x0000000008002756                HAL_TIMEx_BreakCallback
 .text.__libc_init_array
                0x0000000008002768       0x48 c:/st/stm32cubeide_1.7.0/stm32cubeide/plugins/com.st.stm32cube.ide.mcu.externaltools.gnu-tools-for-stm32.9-2020-q2-update.win32_2.0.0.202105311346/tools/bin/../lib/gcc/arm-none-eabi/9.3.1/../../../../arm-none-eabi/lib/thumb/v7-m/nofp\libc_nano.a(lib_a-init.o)
                0x0000000008002768                __libc_init_array
 .text.memset   0x00000000080027b0       0x10 c:/st/stm32cubeide_1.7.0/stm32cubeide/plugins/com.st.stm32cube.ide.mcu.externaltools.gnu-tools-for-stm32.9-2020-q2-update.win32_2.0.0.202105311346/tools/bin/../lib/gcc/arm-none-eabi/9.3.1/../../../../arm-none-eabi/lib/thumb/v7-m/nofp\libc_nano.a(lib_a-memset.o)
                0x00000000080027b0                memset
 *(.glue_7)
 .glue_7        0x00000000080027c0        0x0 linker stubs
 *(.glue_7t)
 .glue_7t       0x00000000080027c0        0x0 linker stubs
 *(.eh_frame)
 .eh_frame      0x00000000080027c0        0x0 c:/st/stm32cubeide_1.7.0/stm32cubeide/plugins/com.st.stm32cube.ide.mcu.externaltools.gnu-tools-for-stm32.9-2020-q2-update.win32_2.0.0.202105311346/tools/bin/../lib/gcc/arm-none-eabi/9.3.1/thumb/v7-m/nofp/crtbegin.o
 *(.init)
 .init          0x00000000080027c0        0x4 c:/st/stm32cubeide_1.7.0/stm32cubeide/plugins/com.st.stm32cube.ide.mcu.externaltools.gnu-tools-for-stm32.9-2020-q2-update.win32_2.0.0.202105311346/tools/bin/../lib/gcc/arm-none-eabi/9.3.1/thumb/v7-m/nofp/crti.o
                0x00000000080027c0                _init
 .init          0x00000000080027c4        0x8 c:/st/stm32cubeide_1.7.0/stm32cubeide/plugins/com.st.stm32cube.ide.mcu.externaltools.gnu-tools-for-stm32.9-2020-q2-update.win32_2.0.0.202105311346/tools/bin/../lib/gcc/arm-none-eabi/9.3.1/thumb/v7-m/nofp/crtn.o
 *(.fini)
 .fini          0x00000000080027cc        0x4 c:/st/stm32cubeide_1.7.0/stm32cubeide/plugins/com.st.stm32cube.ide.mcu.externaltools.gnu-tools-for-stm32.9-2020-q2-update.win32_2.0.0.202105311346/tools/bin/../lib/gcc/arm-none-eabi/9.3.1/thumb/v7-m/nofp/crti.o
                0x00000000080027cc                _fini
 .fini          0x00000000080027d0        0x8 c:/st/stm32cubeide_1.7.0/stm32cubeide/plugins/com.st.stm32cube.ide.mcu.externaltools.gnu-tools-for-stm32.9-2020-q2-update.win32_2.0.0.202105311346/tools/bin/../lib/gcc/arm-none-eabi/9.3.1/thumb/v7-m/nofp/crtn.o
                0x00000000080027d8                . = ALIGN (0x4)
                0x00000000080027d8                _etext = .

.vfp11_veneer   0x00000000080027d8        0x0
 .vfp11_veneer  0x00000000080027d8        0x0 linker stubs

.v4_bx          0x00000000080027d8        0x0
 .v4_bx         0x00000000080027d8        0x0 linker stubs

.iplt           0x00000000080027d8        0x0
 .iplt          0x00000000080027d8        0x0 c:/st/stm32cubeide_1.7.0/stm32cubeide/plugins/com.st.stm32cube.ide.mcu.externaltools.gnu-tools-for-stm32.9-2020-q2-update.win32_2.0.0.202105311346/tools/bin/../lib/gcc/arm-none-eabi/9.3.1/thumb/v7-m/nofp/crtbegin.o

.rodata         0x00000000080027d8       0x6c
                0x00000000080027d8                . = ALIGN (0x4)
 *(.rodata)
 *(.rodata*)
 .rodata.seg_pattern
                0x00000000080027d8       0x46 ./Core/Src/7_SEGMENT.o
                0x00000000080027d8                seg_pattern
 *fill*         0x000000000800281e        0x2 
 .rodata.AHBPrescTable
                0x0000000008002820       0x10 ./Core/Src/system_stm32f1xx.o
                0x0000000008002820                AHBPrescTable
 .rodata.aPLLMULFactorTable.6032
                0x0000000008002830       0x10 ./Drivers/STM32F1xx_HAL_Driver/Src/stm32f1xx_hal_rcc.o
 .rodata.aPredivFactorTable.6033
                0x0000000008002840        0x2 ./Drivers/STM32F1xx_HAL_Driver/Src/stm32f1xx_hal_rcc.o
                0x0000000008002844                . = ALIGN (0x4)
 *fill*         0x0000000008002842        0x2 

.rel.dyn        0x0000000008002844        0x0
 .rel.iplt      0x0000000008002844        0x0 c:/st/stm32cubeide_1.7.0/stm32cubeide/plugins/com.st.stm32cube.ide.mcu.externaltools.gnu-tools-for-stm32.9-2020-q2-update.win32_2.0.0.202105311346/tools/bin/../lib/gcc/arm-none-eabi/9.3.1/thumb/v7-m/nofp/crtbegin.o

.ARM.extab      0x0000000008002844        0x0
                0x0000000008002844                . = ALIGN (0x4)
 *(.ARM.extab* .gnu.linkonce.armextab.*)
                0x0000000008002844                . = ALIGN (0x4)

.ARM            0x0000000008002844        0x0
                0x0000000008002844                . = ALIGN (0x4)
                0x0000000008002844                __exidx_start = .
 *(.ARM.exidx*)
                0x0000000008002844                __exidx_end = .
                0x0000000008002844                . = ALIGN (0x4)

.preinit_array  0x0000000008002844        0x0
                0x0000000008002844                . = ALIGN (0x4)
                0x0000000008002844                PROVIDE (__preinit_array_start = .)
 *(.preinit_array*)
                0x0000000008002844                PROVIDE (__preinit_array_end = .)
                0x0000000008002844                . = ALIGN (0x4)

.init_array     0x0000000008002844        0x4
                0x0000000008002844                . = ALIGN (0x4)
                0x0000000008002844                PROVIDE (__init_array_start = .)
 *(SORT_BY_NAME(.init_array.*))
 *(.init_array*)
 .init_array    0x0000000008002844        0x4 c:/st/stm32cubeide_1.7.0/stm32cubeide/plugins/com.st.stm32cube.ide.mcu.externaltools.gnu-tools-for-stm32.9-2020-q2-update.win32_2.0.0.202105311346/tools/bin/../lib/gcc/arm-none-eabi/9.3.1/thumb/v7-m/nofp/crtbegin.o
                0x0000000008002848                PROVIDE (__init_array_end = .)
                0x0000000008002848                . = ALIGN (0x4)

.fini_array     0x0000000008002848        0x4
                0x0000000008002848                . = ALIGN (0x4)
                [!provide]                        PROVIDE (__fini_array_start = .)
 *(SORT_BY_NAME(.fini_array.*))
 *(.fini_array*)
 .fini_array    0x0000000008002848        0x4 c:/st/stm32cubeide_1.7.0/stm32cubeide/plugins/com.st.stm32cube.ide.mcu.externaltools.gnu-tools-for-stm32.9-2020-q2-update.win32_2.0.0.202105311346/tools/bin/../lib/gcc/arm-none-eabi/9.3.1/thumb/v7-m/nofp/crtbegin.o
                [!provide]                        PROVIDE (__fini_array_end = .)
                0x000000000800284c                . = ALIGN (0x4)
                0x000000000800284c                _sidata = LOADADDR (.data)

.data           0x0000000020000000       0x50 load address 0x000000000800284c
                0x0000000020000000                . = ALIGN (0x4)
                0x0000000020000000                _sdata = .
 *(.data)
 *(.data*)
 .data.segPins_A
                0x0000000020000000        0xe ./Core/Src/7_SEGMENT.o
                0x0000000020000000                segPins_A
 *fill*         0x000000002000000e        0x2 
 .data.segPins_B
                0x0000000020000010        0xe ./Core/Src/7_SEGMENT.o
                0x0000000020000010                segPins_B
 *fill*         0x000000002000001e        0x2 
 .data.pin_of_buttons
                0x0000000020000020        0x8 ./Core/Src/button.o
                0x0000000020000020                pin_of_buttons
 .data.TrafficTimer
                0x0000000020000028        0xc ./Core/Src/global.o
                0x0000000020000028                TrafficTimer
 .data.array_led_pins
                0x0000000020000034        0xe ./Core/Src/led.o
                0x0000000020000034                array_led_pins
 *fill*         0x0000000020000042        0x2 
 .data.SystemCoreClock
                0x0000000020000044        0x4 ./Core/Src/system_stm32f1xx.o
                0x0000000020000044                SystemCoreClock
 .data.uwTickPrio
                0x0000000020000048        0x4 ./Drivers/STM32F1xx_HAL_Driver/Src/stm32f1xx_hal.o
                0x0000000020000048                uwTickPrio
 .data.uwTickFreq
                0x000000002000004c        0x1 ./Drivers/STM32F1xx_HAL_Driver/Src/stm32f1xx_hal.o
                0x000000002000004c                uwTickFreq
 *(.RamFunc)
 *(.RamFunc*)
                0x0000000020000050                . = ALIGN (0x4)
 *fill*         0x000000002000004d        0x3 
                0x0000000020000050                _edata = .

.igot.plt       0x0000000020000050        0x0 load address 0x000000000800289c
 .igot.plt      0x0000000020000050        0x0 c:/st/stm32cubeide_1.7.0/stm32cubeide/plugins/com.st.stm32cube.ide.mcu.externaltools.gnu-tools-for-stm32.9-2020-q2-update.win32_2.0.0.202105311346/tools/bin/../lib/gcc/arm-none-eabi/9.3.1/thumb/v7-m/nofp/crtbegin.o
                0x0000000020000050                . = ALIGN (0x4)

.bss            0x0000000020000050      0x134 load address 0x000000000800289c
                0x0000000020000050                _sbss = .
                0x0000000020000050                __bss_start__ = _sbss
 *(.bss)
 .bss           0x0000000020000050       0x1c c:/st/stm32cubeide_1.7.0/stm32cubeide/plugins/com.st.stm32cube.ide.mcu.externaltools.gnu-tools-for-stm32.9-2020-q2-update.win32_2.0.0.202105311346/tools/bin/../lib/gcc/arm-none-eabi/9.3.1/thumb/v7-m/nofp/crtbegin.o
 *(.bss*)
 .bss.state.6753
                0x000000002000006c        0x4 ./Core/Src/7_SEGMENT.o
 .bss.state_auto
                0x0000000020000070        0x4 ./Core/Src/fsm_auto.o
                0x0000000020000070                state_auto
 .bss.lane1     0x0000000020000074        0x4 ./Core/Src/fsm_auto.o
                0x0000000020000074                lane1
 .bss.lane2     0x0000000020000078        0x4 ./Core/Src/fsm_auto.o
                0x0000000020000078                lane2
 .bss.state_manual
                0x000000002000007c        0x4 ./Core/Src/fsm_manual.o
                0x000000002000007c                state_manual
 .bss.STATUS    0x0000000020000080        0x4 ./Core/Src/global.o
                0x0000000020000080                STATUS
 .bss.timer_flag_read_button
                0x0000000020000084        0x4 ./Core/Src/main.o
                0x0000000020000084                timer_flag_read_button
 *(COMMON)
 COMMON         0x0000000020000088       0x70 ./Core/Src/button.o
                0x0000000020000088                button
 COMMON         0x00000000200000f8        0x4 ./Core/Src/fsm_manual.o
                0x00000000200000f8                temp_time
 COMMON         0x00000000200000fc       0x48 ./Core/Src/main.o
                0x00000000200000fc                htim2
 COMMON         0x0000000020000144       0x3c ./Core/Src/timer.o
                0x0000000020000144                actions
 COMMON         0x0000000020000180        0x4 ./Drivers/STM32F1xx_HAL_Driver/Src/stm32f1xx_hal.o
                0x0000000020000180                uwTick
                0x0000000020000184                . = ALIGN (0x4)
                0x0000000020000184                _ebss = .
                0x0000000020000184                __bss_end__ = _ebss

._user_heap_stack
                0x0000000020000184      0x604 load address 0x000000000800289c
                0x0000000020000188                . = ALIGN (0x8)
 *fill*         0x0000000020000184        0x4 
                [!provide]                        PROVIDE (end = .)
                0x0000000020000188                PROVIDE (_end = .)
                0x0000000020000388                . = (. + _Min_Heap_Size)
 *fill*         0x0000000020000188      0x200 
                0x0000000020000788                . = (. + _Min_Stack_Size)
 *fill*         0x0000000020000388      0x400 
                0x0000000020000788                . = ALIGN (0x8)

/DISCARD/
 libc.a(*)
 libm.a(*)
 libgcc.a(*)

.ARM.attributes
                0x0000000000000000       0x29
 *(.ARM.attributes)
 .ARM.attributes
                0x0000000000000000       0x1d c:/st/stm32cubeide_1.7.0/stm32cubeide/plugins/com.st.stm32cube.ide.mcu.externaltools.gnu-tools-for-stm32.9-2020-q2-update.win32_2.0.0.202105311346/tools/bin/../lib/gcc/arm-none-eabi/9.3.1/thumb/v7-m/nofp/crti.o
 .ARM.attributes
                0x000000000000001d       0x2d c:/st/stm32cubeide_1.7.0/stm32cubeide/plugins/com.st.stm32cube.ide.mcu.externaltools.gnu-tools-for-stm32.9-2020-q2-update.win32_2.0.0.202105311346/tools/bin/../lib/gcc/arm-none-eabi/9.3.1/thumb/v7-m/nofp/crtbegin.o
 .ARM.attributes
                0x000000000000004a       0x2d ./Core/Src/7_SEGMENT.o
 .ARM.attributes
                0x0000000000000077       0x2d ./Core/Src/button.o
 .ARM.attributes
                0x00000000000000a4       0x2d ./Core/Src/fsm_auto.o
 .ARM.attributes
                0x00000000000000d1       0x2d ./Core/Src/fsm_manual.o
 .ARM.attributes
                0x00000000000000fe       0x2d ./Core/Src/global.o
 .ARM.attributes
                0x000000000000012b       0x2d ./Core/Src/led.o
 .ARM.attributes
                0x0000000000000158       0x2d ./Core/Src/main.o
 .ARM.attributes
                0x0000000000000185       0x2d ./Core/Src/stm32f1xx_hal_msp.o
 .ARM.attributes
                0x00000000000001b2       0x2d ./Core/Src/stm32f1xx_it.o
 .ARM.attributes
                0x00000000000001df       0x2d ./Core/Src/system_stm32f1xx.o
 .ARM.attributes
                0x000000000000020c       0x2d ./Core/Src/timer.o
 .ARM.attributes
                0x0000000000000239       0x21 ./Core/Startup/startup_stm32f103c6ux.o
 .ARM.attributes
                0x000000000000025a       0x2d ./Drivers/STM32F1xx_HAL_Driver/Src/stm32f1xx_hal.o
 .ARM.attributes
                0x0000000000000287       0x2d ./Drivers/STM32F1xx_HAL_Driver/Src/stm32f1xx_hal_cortex.o
 .ARM.attributes
                0x00000000000002b4       0x2d ./Drivers/STM32F1xx_HAL_Driver/Src/stm32f1xx_hal_gpio.o
 .ARM.attributes
                0x00000000000002e1       0x2d ./Drivers/STM32F1xx_HAL_Driver/Src/stm32f1xx_hal_pwr.o
 .ARM.attributes
                0x000000000000030e       0x2d ./Drivers/STM32F1xx_HAL_Driver/Src/stm32f1xx_hal_rcc.o
 .ARM.attributes
                0x000000000000033b       0x2d ./Drivers/STM32F1xx_HAL_Driver/Src/stm32f1xx_hal_tim.o
 .ARM.attributes
                0x0000000000000368       0x2d ./Drivers/STM32F1xx_HAL_Driver/Src/stm32f1xx_hal_tim_ex.o
 .ARM.attributes
                0x0000000000000395       0x2d c:/st/stm32cubeide_1.7.0/stm32cubeide/plugins/com.st.stm32cube.ide.mcu.externaltools.gnu-tools-for-stm32.9-2020-q2-update.win32_2.0.0.202105311346/tools/bin/../lib/gcc/arm-none-eabi/9.3.1/../../../../arm-none-eabi/lib/thumb/v7-m/nofp\libc_nano.a(lib_a-init.o)
 .ARM.attributes
                0x00000000000003c2       0x2d c:/st/stm32cubeide_1.7.0/stm32cubeide/plugins/com.st.stm32cube.ide.mcu.externaltools.gnu-tools-for-stm32.9-2020-q2-update.win32_2.0.0.202105311346/tools/bin/../lib/gcc/arm-none-eabi/9.3.1/../../../../arm-none-eabi/lib/thumb/v7-m/nofp\libc_nano.a(lib_a-memset.o)
 .ARM.attributes
                0x00000000000003ef       0x1d c:/st/stm32cubeide_1.7.0/stm32cubeide/plugins/com.st.stm32cube.ide.mcu.externaltools.gnu-tools-for-stm32.9-2020-q2-update.win32_2.0.0.202105311346/tools/bin/../lib/gcc/arm-none-eabi/9.3.1/thumb/v7-m/nofp/crtn.o
OUTPUT(STM32Project.elf elf32-littlearm)
LOAD linker stubs
LOAD c:/st/stm32cubeide_1.7.0/stm32cubeide/plugins/com.st.stm32cube.ide.mcu.externaltools.gnu-tools-for-stm32.9-2020-q2-update.win32_2.0.0.202105311346/tools/bin/../lib/gcc/arm-none-eabi/9.3.1/../../../../arm-none-eabi/lib/thumb/v7-m/nofp\libc.a
LOAD c:/st/stm32cubeide_1.7.0/stm32cubeide/plugins/com.st.stm32cube.ide.mcu.externaltools.gnu-tools-for-stm32.9-2020-q2-update.win32_2.0.0.202105311346/tools/bin/../lib/gcc/arm-none-eabi/9.3.1/../../../../arm-none-eabi/lib/thumb/v7-m/nofp\libm.a
LOAD c:/st/stm32cubeide_1.7.0/stm32cubeide/plugins/com.st.stm32cube.ide.mcu.externaltools.gnu-tools-for-stm32.9-2020-q2-update.win32_2.0.0.202105311346/tools/bin/../lib/gcc/arm-none-eabi/9.3.1/thumb/v7-m/nofp\libgcc.a

.debug_info     0x0000000000000000     0xd961
 .debug_info    0x0000000000000000      0xd07 ./Core/Src/7_SEGMENT.o
 .debug_info    0x0000000000000d07      0x3fa ./Core/Src/button.o
 .debug_info    0x0000000000001101      0xc3b ./Core/Src/fsm_auto.o
 .debug_info    0x0000000000001d3c      0xc40 ./Core/Src/fsm_manual.o
 .debug_info    0x000000000000297c      0xbc1 ./Core/Src/global.o
 .debug_info    0x000000000000353d      0xd06 ./Core/Src/led.o
 .debug_info    0x0000000000004243     0x15c1 ./Core/Src/main.o
 .debug_info    0x0000000000005804      0xa09 ./Core/Src/stm32f1xx_hal_msp.o
 .debug_info    0x000000000000620d      0x7b9 ./Core/Src/stm32f1xx_it.o
 .debug_info    0x00000000000069c6      0x2be ./Core/Src/system_stm32f1xx.o
 .debug_info    0x0000000000006c84      0x13c ./Core/Src/timer.o
 .debug_info    0x0000000000006dc0       0x22 ./Core/Startup/startup_stm32f103c6ux.o
 .debug_info    0x0000000000006de2      0x74c ./Drivers/STM32F1xx_HAL_Driver/Src/stm32f1xx_hal.o
 .debug_info    0x000000000000752e      0xbbe ./Drivers/STM32F1xx_HAL_Driver/Src/stm32f1xx_hal_cortex.o
 .debug_info    0x00000000000080ec      0x701 ./Drivers/STM32F1xx_HAL_Driver/Src/stm32f1xx_hal_gpio.o
 .debug_info    0x00000000000087ed      0x730 ./Drivers/STM32F1xx_HAL_Driver/Src/stm32f1xx_hal_pwr.o
 .debug_info    0x0000000000008f1d      0x893 ./Drivers/STM32F1xx_HAL_Driver/Src/stm32f1xx_hal_rcc.o
 .debug_info    0x00000000000097b0     0x2c32 ./Drivers/STM32F1xx_HAL_Driver/Src/stm32f1xx_hal_tim.o
 .debug_info    0x000000000000c3e2     0x157f ./Drivers/STM32F1xx_HAL_Driver/Src/stm32f1xx_hal_tim_ex.o

.debug_abbrev   0x0000000000000000     0x24ad
 .debug_abbrev  0x0000000000000000      0x246 ./Core/Src/7_SEGMENT.o
 .debug_abbrev  0x0000000000000246      0x1b3 ./Core/Src/button.o
 .debug_abbrev  0x00000000000003f9      0x1f5 ./Core/Src/fsm_auto.o
 .debug_abbrev  0x00000000000005ee      0x215 ./Core/Src/fsm_manual.o
 .debug_abbrev  0x0000000000000803      0x1f5 ./Core/Src/global.o
 .debug_abbrev  0x00000000000009f8      0x235 ./Core/Src/led.o
 .debug_abbrev  0x0000000000000c2d      0x2b6 ./Core/Src/main.o
 .debug_abbrev  0x0000000000000ee3      0x1b7 ./Core/Src/stm32f1xx_hal_msp.o
 .debug_abbrev  0x000000000000109a      0x176 ./Core/Src/stm32f1xx_it.o
 .debug_abbrev  0x0000000000001210      0x14e ./Core/Src/system_stm32f1xx.o
 .debug_abbrev  0x000000000000135e      0x10b ./Core/Src/timer.o
 .debug_abbrev  0x0000000000001469       0x12 ./Core/Startup/startup_stm32f103c6ux.o
 .debug_abbrev  0x000000000000147b      0x1ed ./Drivers/STM32F1xx_HAL_Driver/Src/stm32f1xx_hal.o
 .debug_abbrev  0x0000000000001668      0x313 ./Drivers/STM32F1xx_HAL_Driver/Src/stm32f1xx_hal_cortex.o
 .debug_abbrev  0x000000000000197b      0x1e8 ./Drivers/STM32F1xx_HAL_Driver/Src/stm32f1xx_hal_gpio.o
 .debug_abbrev  0x0000000000001b63      0x213 ./Drivers/STM32F1xx_HAL_Driver/Src/stm32f1xx_hal_pwr.o
 .debug_abbrev  0x0000000000001d76      0x273 ./Drivers/STM32F1xx_HAL_Driver/Src/stm32f1xx_hal_rcc.o
 .debug_abbrev  0x0000000000001fe9      0x25e ./Drivers/STM32F1xx_HAL_Driver/Src/stm32f1xx_hal_tim.o
 .debug_abbrev  0x0000000000002247      0x266 ./Drivers/STM32F1xx_HAL_Driver/Src/stm32f1xx_hal_tim_ex.o

.debug_aranges  0x0000000000000000      0xb88
 .debug_aranges
                0x0000000000000000       0x28 ./Core/Src/7_SEGMENT.o
 .debug_aranges
                0x0000000000000028       0x68 ./Core/Src/button.o
 .debug_aranges
                0x0000000000000090       0x50 ./Core/Src/fsm_auto.o
 .debug_aranges
                0x00000000000000e0       0x40 ./Core/Src/fsm_manual.o
 .debug_aranges
                0x0000000000000120       0x20 ./Core/Src/global.o
 .debug_aranges
                0x0000000000000140       0x40 ./Core/Src/led.o
 .debug_aranges
                0x0000000000000180       0x48 ./Core/Src/main.o
 .debug_aranges
                0x00000000000001c8       0x30 ./Core/Src/stm32f1xx_hal_msp.o
 .debug_aranges
                0x00000000000001f8       0x68 ./Core/Src/stm32f1xx_it.o
 .debug_aranges
                0x0000000000000260       0x28 ./Core/Src/system_stm32f1xx.o
 .debug_aranges
                0x0000000000000288       0x30 ./Core/Src/timer.o
 .debug_aranges
                0x00000000000002b8       0x28 ./Core/Startup/startup_stm32f103c6ux.o
 .debug_aranges
                0x00000000000002e0       0xe0 ./Drivers/STM32F1xx_HAL_Driver/Src/stm32f1xx_hal.o
 .debug_aranges
                0x00000000000003c0      0x100 ./Drivers/STM32F1xx_HAL_Driver/Src/stm32f1xx_hal_cortex.o
 .debug_aranges
                0x00000000000004c0       0x58 ./Drivers/STM32F1xx_HAL_Driver/Src/stm32f1xx_hal_gpio.o
 .debug_aranges
                0x0000000000000518       0xa8 ./Drivers/STM32F1xx_HAL_Driver/Src/stm32f1xx_hal_pwr.o
 .debug_aranges
                0x00000000000005c0       0x90 ./Drivers/STM32F1xx_HAL_Driver/Src/stm32f1xx_hal_rcc.o
 .debug_aranges
                0x0000000000000650      0x3d0 ./Drivers/STM32F1xx_HAL_Driver/Src/stm32f1xx_hal_tim.o
 .debug_aranges
                0x0000000000000a20      0x168 ./Drivers/STM32F1xx_HAL_Driver/Src/stm32f1xx_hal_tim_ex.o

.debug_ranges   0x0000000000000000      0xa60
 .debug_ranges  0x0000000000000000       0x18 ./Core/Src/7_SEGMENT.o
 .debug_ranges  0x0000000000000018       0x58 ./Core/Src/button.o
 .debug_ranges  0x0000000000000070       0x40 ./Core/Src/fsm_auto.o
 .debug_ranges  0x00000000000000b0       0x30 ./Core/Src/fsm_manual.o
 .debug_ranges  0x00000000000000e0       0x10 ./Core/Src/global.o
 .debug_ranges  0x00000000000000f0       0x30 ./Core/Src/led.o
 .debug_ranges  0x0000000000000120       0x38 ./Core/Src/main.o
 .debug_ranges  0x0000000000000158       0x20 ./Core/Src/stm32f1xx_hal_msp.o
 .debug_ranges  0x0000000000000178       0x58 ./Core/Src/stm32f1xx_it.o
 .debug_ranges  0x00000000000001d0       0x18 ./Core/Src/system_stm32f1xx.o
 .debug_ranges  0x00000000000001e8       0x20 ./Core/Src/timer.o
 .debug_ranges  0x0000000000000208       0x20 ./Core/Startup/startup_stm32f103c6ux.o
 .debug_ranges  0x0000000000000228       0xd0 ./Drivers/STM32F1xx_HAL_Driver/Src/stm32f1xx_hal.o
 .debug_ranges  0x00000000000002f8       0xf0 ./Drivers/STM32F1xx_HAL_Driver/Src/stm32f1xx_hal_cortex.o
 .debug_ranges  0x00000000000003e8       0x48 ./Drivers/STM32F1xx_HAL_Driver/Src/stm32f1xx_hal_gpio.o
 .debug_ranges  0x0000000000000430       0x98 ./Drivers/STM32F1xx_HAL_Driver/Src/stm32f1xx_hal_pwr.o
 .debug_ranges  0x00000000000004c8       0x80 ./Drivers/STM32F1xx_HAL_Driver/Src/stm32f1xx_hal_rcc.o
 .debug_ranges  0x0000000000000548      0x3c0 ./Drivers/STM32F1xx_HAL_Driver/Src/stm32f1xx_hal_tim.o
 .debug_ranges  0x0000000000000908      0x158 ./Drivers/STM32F1xx_HAL_Driver/Src/stm32f1xx_hal_tim_ex.o

.debug_macro    0x0000000000000000    0x17ffb
 .debug_macro   0x0000000000000000      0x2ae ./Core/Src/7_SEGMENT.o
 .debug_macro   0x00000000000002ae      0xa9c ./Core/Src/7_SEGMENT.o
 .debug_macro   0x0000000000000d4a      0x215 ./Core/Src/7_SEGMENT.o
 .debug_macro   0x0000000000000f5f       0x2e ./Core/Src/7_SEGMENT.o
 .debug_macro   0x0000000000000f8d       0x22 ./Core/Src/7_SEGMENT.o
 .debug_macro   0x0000000000000faf       0x22 ./Core/Src/7_SEGMENT.o
 .debug_macro   0x0000000000000fd1       0x8e ./Core/Src/7_SEGMENT.o
 .debug_macro   0x000000000000105f       0x51 ./Core/Src/7_SEGMENT.o
 .debug_macro   0x00000000000010b0      0x103 ./Core/Src/7_SEGMENT.o
 .debug_macro   0x00000000000011b3       0x6a ./Core/Src/7_SEGMENT.o
 .debug_macro   0x000000000000121d      0x1df ./Core/Src/7_SEGMENT.o
 .debug_macro   0x00000000000013fc       0x1c ./Core/Src/7_SEGMENT.o
 .debug_macro   0x0000000000001418       0x22 ./Core/Src/7_SEGMENT.o
 .debug_macro   0x000000000000143a       0xc3 ./Core/Src/7_SEGMENT.o
 .debug_macro   0x00000000000014fd      0xd23 ./Core/Src/7_SEGMENT.o
 .debug_macro   0x0000000000002220     0xde75 ./Core/Src/7_SEGMENT.o
 .debug_macro   0x0000000000010095       0x6d ./Core/Src/7_SEGMENT.o
 .debug_macro   0x0000000000010102     0x34a2 ./Core/Src/7_SEGMENT.o
 .debug_macro   0x00000000000135a4      0x174 ./Core/Src/7_SEGMENT.o
 .debug_macro   0x0000000000013718       0x5c ./Core/Src/7_SEGMENT.o
 .debug_macro   0x0000000000013774      0x5bc ./Core/Src/7_SEGMENT.o
 .debug_macro   0x0000000000013d30      0x1b7 ./Core/Src/7_SEGMENT.o
 .debug_macro   0x0000000000013ee7      0x1cb ./Core/Src/7_SEGMENT.o
 .debug_macro   0x00000000000140b2      0x114 ./Core/Src/7_SEGMENT.o
 .debug_macro   0x00000000000141c6      0x1b2 ./Core/Src/7_SEGMENT.o
 .debug_macro   0x0000000000014378       0x27 ./Core/Src/7_SEGMENT.o
 .debug_macro   0x000000000001439f      0x12f ./Core/Src/7_SEGMENT.o
 .debug_macro   0x00000000000144ce      0x1bc ./Core/Src/7_SEGMENT.o
 .debug_macro   0x000000000001468a       0x34 ./Core/Src/7_SEGMENT.o
 .debug_macro   0x00000000000146be       0x3c ./Core/Src/7_SEGMENT.o
 .debug_macro   0x00000000000146fa       0x57 ./Core/Src/7_SEGMENT.o
 .debug_macro   0x0000000000014751       0x87 ./Core/Src/7_SEGMENT.o
 .debug_macro   0x00000000000147d8      0x183 ./Core/Src/7_SEGMENT.o
 .debug_macro   0x000000000001495b      0x140 ./Core/Src/7_SEGMENT.o
 .debug_macro   0x0000000000014a9b      0x8ed ./Core/Src/7_SEGMENT.o
 .debug_macro   0x0000000000015388       0x69 ./Core/Src/7_SEGMENT.o
 .debug_macro   0x00000000000153f1      0x154 ./Core/Src/7_SEGMENT.o
 .debug_macro   0x0000000000015545       0x22 ./Core/Src/7_SEGMENT.o
 .debug_macro   0x0000000000015567       0x52 ./Core/Src/7_SEGMENT.o
 .debug_macro   0x00000000000155b9       0x18 ./Core/Src/7_SEGMENT.o
 .debug_macro   0x00000000000155d1       0x3c ./Core/Src/7_SEGMENT.o
 .debug_macro   0x000000000001560d       0x34 ./Core/Src/7_SEGMENT.o
 .debug_macro   0x0000000000015641       0x16 ./Core/Src/7_SEGMENT.o
 .debug_macro   0x0000000000015657       0x43 ./Core/Src/7_SEGMENT.o
 .debug_macro   0x000000000001569a       0x34 ./Core/Src/7_SEGMENT.o
 .debug_macro   0x00000000000156ce       0x10 ./Core/Src/7_SEGMENT.o
 .debug_macro   0x00000000000156de       0x58 ./Core/Src/7_SEGMENT.o
 .debug_macro   0x0000000000015736       0x71 ./Core/Src/7_SEGMENT.o
 .debug_macro   0x00000000000157a7       0x1c ./Core/Src/7_SEGMENT.o
 .debug_macro   0x00000000000157c3      0x12a ./Core/Src/7_SEGMENT.o
 .debug_macro   0x00000000000158ed      0x333 ./Core/Src/7_SEGMENT.o
 .debug_macro   0x0000000000015c20      0x1a9 ./Core/Src/7_SEGMENT.o
 .debug_macro   0x0000000000015dc9       0x3a ./Core/Src/7_SEGMENT.o
 .debug_macro   0x0000000000015e03       0x1c ./Core/Src/7_SEGMENT.o
 .debug_macro   0x0000000000015e1f       0x1c ./Core/Src/7_SEGMENT.o
 .debug_macro   0x0000000000015e3b       0x34 ./Core/Src/7_SEGMENT.o
 .debug_macro   0x0000000000015e6f       0x34 ./Core/Src/7_SEGMENT.o
 .debug_macro   0x0000000000015ea3       0x4c ./Core/Src/7_SEGMENT.o
 .debug_macro   0x0000000000015eef      0x1b5 ./Core/Src/button.o
 .debug_macro   0x00000000000160a4       0x34 ./Core/Src/button.o
 .debug_macro   0x00000000000160d8      0x2ae ./Core/Src/fsm_auto.o
 .debug_macro   0x0000000000016386      0x2ae ./Core/Src/fsm_manual.o
 .debug_macro   0x0000000000016634       0x22 ./Core/Src/fsm_manual.o
 .debug_macro   0x0000000000016656       0x16 ./Core/Src/fsm_manual.o
 .debug_macro   0x000000000001666c      0x2a4 ./Core/Src/global.o
 .debug_macro   0x0000000000016910      0x2ae ./Core/Src/led.o
 .debug_macro   0x0000000000016bbe       0x2e ./Core/Src/led.o
 .debug_macro   0x0000000000016bec      0x2a8 ./Core/Src/main.o
 .debug_macro   0x0000000000016e94      0x1a6 ./Core/Src/stm32f1xx_hal_msp.o
 .debug_macro   0x000000000001703a      0x1b0 ./Core/Src/stm32f1xx_it.o
 .debug_macro   0x00000000000171ea      0x197 ./Core/Src/system_stm32f1xx.o
 .debug_macro   0x0000000000017381       0x29 ./Core/Src/timer.o
 .debug_macro   0x00000000000173aa       0x2e ./Core/Src/timer.o
 .debug_macro   0x00000000000173d8      0x1bb ./Drivers/STM32F1xx_HAL_Driver/Src/stm32f1xx_hal.o
 .debug_macro   0x0000000000017593      0x197 ./Drivers/STM32F1xx_HAL_Driver/Src/stm32f1xx_hal_cortex.o
 .debug_macro   0x000000000001772a      0x202 ./Drivers/STM32F1xx_HAL_Driver/Src/stm32f1xx_hal_gpio.o
 .debug_macro   0x000000000001792c      0x1f7 ./Drivers/STM32F1xx_HAL_Driver/Src/stm32f1xx_hal_pwr.o
 .debug_macro   0x0000000000017b23      0x1a9 ./Drivers/STM32F1xx_HAL_Driver/Src/stm32f1xx_hal_rcc.o
 .debug_macro   0x0000000000017ccc      0x198 ./Drivers/STM32F1xx_HAL_Driver/Src/stm32f1xx_hal_tim.o
 .debug_macro   0x0000000000017e64      0x197 ./Drivers/STM32F1xx_HAL_Driver/Src/stm32f1xx_hal_tim_ex.o

.debug_line     0x0000000000000000     0xd254
 .debug_line    0x0000000000000000      0x873 ./Core/Src/7_SEGMENT.o
 .debug_line    0x0000000000000873      0x7d7 ./Core/Src/button.o
 .debug_line    0x000000000000104a      0x981 ./Core/Src/fsm_auto.o
 .debug_line    0x00000000000019cb      0x920 ./Core/Src/fsm_manual.o
 .debug_line    0x00000000000022eb      0x80c ./Core/Src/global.o
 .debug_line    0x0000000000002af7      0x87d ./Core/Src/led.o
 .debug_line    0x0000000000003374      0x935 ./Core/Src/main.o
 .debug_line    0x0000000000003ca9      0x6a1 ./Core/Src/stm32f1xx_hal_msp.o
 .debug_line    0x000000000000434a      0x73f ./Core/Src/stm32f1xx_it.o
 .debug_line    0x0000000000004a89      0x6e3 ./Core/Src/system_stm32f1xx.o
 .debug_line    0x000000000000516c      0x192 ./Core/Src/timer.o
 .debug_line    0x00000000000052fe       0x86 ./Core/Startup/startup_stm32f103c6ux.o
 .debug_line    0x0000000000005384      0x910 ./Drivers/STM32F1xx_HAL_Driver/Src/stm32f1xx_hal.o
 .debug_line    0x0000000000005c94      0xaf8 ./Drivers/STM32F1xx_HAL_Driver/Src/stm32f1xx_hal_cortex.o
 .debug_line    0x000000000000678c      0x993 ./Drivers/STM32F1xx_HAL_Driver/Src/stm32f1xx_hal_gpio.o
 .debug_line    0x000000000000711f      0x892 ./Drivers/STM32F1xx_HAL_Driver/Src/stm32f1xx_hal_pwr.o
 .debug_line    0x00000000000079b1      0xd1c ./Drivers/STM32F1xx_HAL_Driver/Src/stm32f1xx_hal_rcc.o
 .debug_line    0x00000000000086cd     0x3361 ./Drivers/STM32F1xx_HAL_Driver/Src/stm32f1xx_hal_tim.o
 .debug_line    0x000000000000ba2e     0x1826 ./Drivers/STM32F1xx_HAL_Driver/Src/stm32f1xx_hal_tim_ex.o

.debug_str      0x0000000000000000    0x866ac
 .debug_str     0x0000000000000000    0x835b7 ./Core/Src/7_SEGMENT.o
                                      0x839e0 (size before relaxing)
 .debug_str     0x00000000000835b7       0xe5 ./Core/Src/button.o
                                      0x7fd90 (size before relaxing)
 .debug_str     0x000000000008369c       0x82 ./Core/Src/fsm_auto.o
                                      0x839cc (size before relaxing)
 .debug_str     0x000000000008371e       0xa0 ./Core/Src/fsm_manual.o
                                      0x839fb (size before relaxing)
 .debug_str     0x00000000000837be       0x15 ./Core/Src/global.o
                                      0x8395f (size before relaxing)
 .debug_str     0x00000000000837d3       0x63 ./Core/Src/led.o
                                      0x839e9 (size before relaxing)
 .debug_str     0x0000000000083836      0x6f6 ./Core/Src/main.o
                                      0x84123 (size before relaxing)
 .debug_str     0x0000000000083f2c      0x2ba ./Core/Src/stm32f1xx_hal_msp.o
                                      0x80421 (size before relaxing)
 .debug_str     0x00000000000841e6       0xcd ./Core/Src/stm32f1xx_it.o
                                      0x80183 (size before relaxing)
 .debug_str     0x00000000000842b3       0x52 ./Core/Src/system_stm32f1xx.o
                                      0x7f770 (size before relaxing)
 .debug_str     0x0000000000084305       0x33 ./Core/Src/timer.o
                                       0x2e9c (size before relaxing)
 .debug_str     0x0000000000084338       0x36 ./Core/Startup/startup_stm32f103c6ux.o
                                         0x64 (size before relaxing)
 .debug_str     0x000000000008436e      0x304 ./Drivers/STM32F1xx_HAL_Driver/Src/stm32f1xx_hal.o
                                      0x7fdc7 (size before relaxing)
 .debug_str     0x0000000000084672      0x300 ./Drivers/STM32F1xx_HAL_Driver/Src/stm32f1xx_hal_cortex.o
                                      0x7fdcf (size before relaxing)
 .debug_str     0x0000000000084972      0x324 ./Drivers/STM32F1xx_HAL_Driver/Src/stm32f1xx_hal_gpio.o
                                      0x7fb34 (size before relaxing)
 .debug_str     0x0000000000084c96      0x507 ./Drivers/STM32F1xx_HAL_Driver/Src/stm32f1xx_hal_pwr.o
                                      0x7fcd3 (size before relaxing)
 .debug_str     0x000000000008519d      0x243 ./Drivers/STM32F1xx_HAL_Driver/Src/stm32f1xx_hal_rcc.o
                                      0x7fb6d (size before relaxing)
 .debug_str     0x00000000000853e0      0xdde ./Drivers/STM32F1xx_HAL_Driver/Src/stm32f1xx_hal_tim.o
                                      0x80b56 (size before relaxing)
 .debug_str     0x00000000000861be      0x4ee ./Drivers/STM32F1xx_HAL_Driver/Src/stm32f1xx_hal_tim_ex.o
                                      0x802f7 (size before relaxing)

.comment        0x0000000000000000       0x53
 .comment       0x0000000000000000       0x53 ./Core/Src/7_SEGMENT.o
                                         0x54 (size before relaxing)
 .comment       0x0000000000000053       0x54 ./Core/Src/button.o
 .comment       0x0000000000000053       0x54 ./Core/Src/fsm_auto.o
 .comment       0x0000000000000053       0x54 ./Core/Src/fsm_manual.o
 .comment       0x0000000000000053       0x54 ./Core/Src/global.o
 .comment       0x0000000000000053       0x54 ./Core/Src/led.o
 .comment       0x0000000000000053       0x54 ./Core/Src/main.o
 .comment       0x0000000000000053       0x54 ./Core/Src/stm32f1xx_hal_msp.o
 .comment       0x0000000000000053       0x54 ./Core/Src/stm32f1xx_it.o
 .comment       0x0000000000000053       0x54 ./Core/Src/system_stm32f1xx.o
 .comment       0x0000000000000053       0x54 ./Core/Src/timer.o
 .comment       0x0000000000000053       0x54 ./Drivers/STM32F1xx_HAL_Driver/Src/stm32f1xx_hal.o
 .comment       0x0000000000000053       0x54 ./Drivers/STM32F1xx_HAL_Driver/Src/stm32f1xx_hal_cortex.o
 .comment       0x0000000000000053       0x54 ./Drivers/STM32F1xx_HAL_Driver/Src/stm32f1xx_hal_gpio.o
 .comment       0x0000000000000053       0x54 ./Drivers/STM32F1xx_HAL_Driver/Src/stm32f1xx_hal_pwr.o
 .comment       0x0000000000000053       0x54 ./Drivers/STM32F1xx_HAL_Driver/Src/stm32f1xx_hal_rcc.o
 .comment       0x0000000000000053       0x54 ./Drivers/STM32F1xx_HAL_Driver/Src/stm32f1xx_hal_tim.o
 .comment       0x0000000000000053       0x54 ./Drivers/STM32F1xx_HAL_Driver/Src/stm32f1xx_hal_tim_ex.o

.debug_frame    0x0000000000000000     0x2cc0
 .debug_frame   0x0000000000000000       0x58 ./Core/Src/7_SEGMENT.o
 .debug_frame   0x0000000000000058      0x14c ./Core/Src/button.o
 .debug_frame   0x00000000000001a4       0xd4 ./Core/Src/fsm_auto.o
 .debug_frame   0x0000000000000278       0x9c ./Core/Src/fsm_manual.o
 .debug_frame   0x0000000000000314       0x2c ./Core/Src/global.o
 .debug_frame   0x0000000000000340       0xc4 ./Core/Src/led.o
 .debug_frame   0x0000000000000404       0xd4 ./Core/Src/main.o
 .debug_frame   0x00000000000004d8       0x80 ./Core/Src/stm32f1xx_hal_msp.o
 .debug_frame   0x0000000000000558      0x120 ./Core/Src/stm32f1xx_it.o
 .debug_frame   0x0000000000000678       0x58 ./Core/Src/system_stm32f1xx.o
 .debug_frame   0x00000000000006d0       0x88 ./Core/Src/timer.o
 .debug_frame   0x0000000000000758      0x334 ./Drivers/STM32F1xx_HAL_Driver/Src/stm32f1xx_hal.o
 .debug_frame   0x0000000000000a8c      0x428 ./Drivers/STM32F1xx_HAL_Driver/Src/stm32f1xx_hal_cortex.o
 .debug_frame   0x0000000000000eb4      0x14c ./Drivers/STM32F1xx_HAL_Driver/Src/stm32f1xx_hal_gpio.o
 .debug_frame   0x0000000000001000      0x270 ./Drivers/STM32F1xx_HAL_Driver/Src/stm32f1xx_hal_pwr.o
 .debug_frame   0x0000000000001270      0x218 ./Drivers/STM32F1xx_HAL_Driver/Src/stm32f1xx_hal_rcc.o
 .debug_frame   0x0000000000001488     0x11b4 ./Drivers/STM32F1xx_HAL_Driver/Src/stm32f1xx_hal_tim.o
 .debug_frame   0x000000000000263c      0x638 ./Drivers/STM32F1xx_HAL_Driver/Src/stm32f1xx_hal_tim_ex.o
 .debug_frame   0x0000000000002c74       0x2c c:/st/stm32cubeide_1.7.0/stm32cubeide/plugins/com.st.stm32cube.ide.mcu.externaltools.gnu-tools-for-stm32.9-2020-q2-update.win32_2.0.0.202105311346/tools/bin/../lib/gcc/arm-none-eabi/9.3.1/../../../../arm-none-eabi/lib/thumb/v7-m/nofp\libc_nano.a(lib_a-init.o)
 .debug_frame   0x0000000000002ca0       0x20 c:/st/stm32cubeide_1.7.0/stm32cubeide/plugins/com.st.stm32cube.ide.mcu.externaltools.gnu-tools-for-stm32.9-2020-q2-update.win32_2.0.0.202105311346/tools/bin/../lib/gcc/arm-none-eabi/9.3.1/../../../../arm-none-eabi/lib/thumb/v7-m/nofp\libc_nano.a(lib_a-memset.o)
