Archive member included to satisfy reference by file (symbol)

c:/st/stm32cubeide_1.7.0/stm32cubeide/plugins/com.st.stm32cube.ide.mcu.externaltools.gnu-tools-for-stm32.9-2020-q2-update.win32_2.0.0.202105311346/tools/bin/../lib/gcc/arm-none-eabi/9.3.1/../../../../arm-none-eabi/lib/thumb/v7-m/nofp\libc_nano.a(lib_a-errno.o)
                              ./Core/Src/syscalls.o (__errno)
c:/st/stm32cubeide_1.7.0/stm32cubeide/plugins/com.st.stm32cube.ide.mcu.externaltools.gnu-tools-for-stm32.9-2020-q2-update.win32_2.0.0.202105311346/tools/bin/../lib/gcc/arm-none-eabi/9.3.1/../../../../arm-none-eabi/lib/thumb/v7-m/nofp\libc_nano.a(lib_a-exit.o)
                              c:/st/stm32cubeide_1.7.0/stm32cubeide/plugins/com.st.stm32cube.ide.mcu.externaltools.gnu-tools-for-stm32.9-2020-q2-update.win32_2.0.0.202105311346/tools/bin/../lib/gcc/arm-none-eabi/9.3.1/../../../../arm-none-eabi/lib/thumb/v7-m/nofp/crt0.o (exit)
c:/st/stm32cubeide_1.7.0/stm32cubeide/plugins/com.st.stm32cube.ide.mcu.externaltools.gnu-tools-for-stm32.9-2020-q2-update.win32_2.0.0.202105311346/tools/bin/../lib/gcc/arm-none-eabi/9.3.1/../../../../arm-none-eabi/lib/thumb/v7-m/nofp\libc_nano.a(lib_a-impure.o)
                              c:/st/stm32cubeide_1.7.0/stm32cubeide/plugins/com.st.stm32cube.ide.mcu.externaltools.gnu-tools-for-stm32.9-2020-q2-update.win32_2.0.0.202105311346/tools/bin/../lib/gcc/arm-none-eabi/9.3.1/../../../../arm-none-eabi/lib/thumb/v7-m/nofp\libc_nano.a(lib_a-exit.o) (_global_impure_ptr)
c:/st/stm32cubeide_1.7.0/stm32cubeide/plugins/com.st.stm32cube.ide.mcu.externaltools.gnu-tools-for-stm32.9-2020-q2-update.win32_2.0.0.202105311346/tools/bin/../lib/gcc/arm-none-eabi/9.3.1/../../../../arm-none-eabi/lib/thumb/v7-m/nofp\libc_nano.a(lib_a-init.o)
                              c:/st/stm32cubeide_1.7.0/stm32cubeide/plugins/com.st.stm32cube.ide.mcu.externaltools.gnu-tools-for-stm32.9-2020-q2-update.win32_2.0.0.202105311346/tools/bin/../lib/gcc/arm-none-eabi/9.3.1/../../../../arm-none-eabi/lib/thumb/v7-m/nofp/crt0.o (__libc_init_array)
c:/st/stm32cubeide_1.7.0/stm32cubeide/plugins/com.st.stm32cube.ide.mcu.externaltools.gnu-tools-for-stm32.9-2020-q2-update.win32_2.0.0.202105311346/tools/bin/../lib/gcc/arm-none-eabi/9.3.1/../../../../arm-none-eabi/lib/thumb/v7-m/nofp\libc_nano.a(lib_a-memset.o)
                              c:/st/stm32cubeide_1.7.0/stm32cubeide/plugins/com.st.stm32cube.ide.mcu.externaltools.gnu-tools-for-stm32.9-2020-q2-update.win32_2.0.0.202105311346/tools/bin/../lib/gcc/arm-none-eabi/9.3.1/../../../../arm-none-eabi/lib/thumb/v7-m/nofp/crt0.o (memset)
c:/st/stm32cubeide_1.7.0/stm32cubeide/plugins/com.st.stm32cube.ide.mcu.externaltools.gnu-tools-for-stm32.9-2020-q2-update.win32_2.0.0.202105311346/tools/bin/../lib/gcc/arm-none-eabi/9.3.1/../../../../arm-none-eabi/lib/thumb/v7-m/nofp\libm.a(lib_a-s_ceil.o)
                              ./Core/Src/fsm_manual.o (ceil)
c:/st/stm32cubeide_1.7.0/stm32cubeide/plugins/com.st.stm32cube.ide.mcu.externaltools.gnu-tools-for-stm32.9-2020-q2-update.win32_2.0.0.202105311346/tools/bin/../lib/gcc/arm-none-eabi/9.3.1/thumb/v7-m/nofp\libgcc.a(_arm_muldf3.o)
                              ./Core/Src/fsm_manual.o (__aeabi_dmul)
c:/st/stm32cubeide_1.7.0/stm32cubeide/plugins/com.st.stm32cube.ide.mcu.externaltools.gnu-tools-for-stm32.9-2020-q2-update.win32_2.0.0.202105311346/tools/bin/../lib/gcc/arm-none-eabi/9.3.1/thumb/v7-m/nofp\libgcc.a(_arm_addsubdf3.o)
                              ./Core/Src/fsm_manual.o (__aeabi_dadd)
c:/st/stm32cubeide_1.7.0/stm32cubeide/plugins/com.st.stm32cube.ide.mcu.externaltools.gnu-tools-for-stm32.9-2020-q2-update.win32_2.0.0.202105311346/tools/bin/../lib/gcc/arm-none-eabi/9.3.1/thumb/v7-m/nofp\libgcc.a(_arm_cmpdf2.o)
                              c:/st/stm32cubeide_1.7.0/stm32cubeide/plugins/com.st.stm32cube.ide.mcu.externaltools.gnu-tools-for-stm32.9-2020-q2-update.win32_2.0.0.202105311346/tools/bin/../lib/gcc/arm-none-eabi/9.3.1/../../../../arm-none-eabi/lib/thumb/v7-m/nofp\libm.a(lib_a-s_ceil.o) (__aeabi_dcmpgt)
c:/st/stm32cubeide_1.7.0/stm32cubeide/plugins/com.st.stm32cube.ide.mcu.externaltools.gnu-tools-for-stm32.9-2020-q2-update.win32_2.0.0.202105311346/tools/bin/../lib/gcc/arm-none-eabi/9.3.1/thumb/v7-m/nofp\libgcc.a(_arm_fixdfsi.o)
                              ./Core/Src/fsm_manual.o (__aeabi_d2iz)

Allocating common symbols
Common symbol       size              file

uwTick              0x4               ./Drivers/STM32F1xx_HAL_Driver/Src/stm32f1xx_hal.o
pFlash              0x20              ./Drivers/STM32F1xx_HAL_Driver/Src/stm32f1xx_hal_flash.o
button              0x70              ./Core/Src/button.o
temp_amber          0x4               ./Core/Src/fsm_manual.o
actions             0x3c              ./Core/Src/timer.o
temp_red            0x4               ./Core/Src/fsm_manual.o
temp_green          0x4               ./Core/Src/fsm_manual.o
htim2               0x48              ./Core/Src/main.o

Discarded input sections

[...]
Memory Configuration

Name             Origin             Length             Attributes
RAM              0x0000000020000000 0x0000000000002800 xrw
FLASH            0x0000000008000000 0x0000000000008000 xr
*default*        0x0000000000000000 0xffffffffffffffff

Linker script and memory map

LOAD c:/st/stm32cubeide_1.7.0/stm32cubeide/plugins/com.st.stm32cube.ide.mcu.externaltools.gnu-tools-for-stm32.9-2020-q2-update.win32_2.0.0.202105311346/tools/bin/../lib/gcc/arm-none-eabi/9.3.1/thumb/v7-m/nofp/crti.o
LOAD c:/st/stm32cubeide_1.7.0/stm32cubeide/plugins/com.st.stm32cube.ide.mcu.externaltools.gnu-tools-for-stm32.9-2020-q2-update.win32_2.0.0.202105311346/tools/bin/../lib/gcc/arm-none-eabi/9.3.1/thumb/v7-m/nofp/crtbegin.o
LOAD c:/st/stm32cubeide_1.7.0/stm32cubeide/plugins/com.st.stm32cube.ide.mcu.externaltools.gnu-tools-for-stm32.9-2020-q2-update.win32_2.0.0.202105311346/tools/bin/../lib/gcc/arm-none-eabi/9.3.1/../../../../arm-none-eabi/lib/thumb/v7-m/nofp/crt0.o
LOAD ./Core/Src/7_SEGMENT.o
LOAD ./Core/Src/button.o
LOAD ./Core/Src/fsm_auto.o
LOAD ./Core/Src/fsm_manual.o
LOAD ./Core/Src/global.o
LOAD ./Core/Src/led.o
LOAD ./Core/Src/main.o
LOAD ./Core/Src/stm32f1xx_hal_msp.o
LOAD ./Core/Src/stm32f1xx_it.o
LOAD ./Core/Src/syscalls.o
LOAD ./Core/Src/sysmem.o
LOAD ./Core/Src/system_stm32f1xx.o
LOAD ./Core/Src/timer.o
LOAD ./Core/Startup/startup_stm32f103c6ux.o
LOAD ./Drivers/STM32F1xx_HAL_Driver/Src/stm32f1xx_hal.o
LOAD ./Drivers/STM32F1xx_HAL_Driver/Src/stm32f1xx_hal_cortex.o
LOAD ./Drivers/STM32F1xx_HAL_Driver/Src/stm32f1xx_hal_dma.o
LOAD ./Drivers/STM32F1xx_HAL_Driver/Src/stm32f1xx_hal_exti.o
LOAD ./Drivers/STM32F1xx_HAL_Driver/Src/stm32f1xx_hal_flash.o
LOAD ./Drivers/STM32F1xx_HAL_Driver/Src/stm32f1xx_hal_flash_ex.o
LOAD ./Drivers/STM32F1xx_HAL_Driver/Src/stm32f1xx_hal_gpio.o
LOAD ./Drivers/STM32F1xx_HAL_Driver/Src/stm32f1xx_hal_gpio_ex.o
LOAD ./Drivers/STM32F1xx_HAL_Driver/Src/stm32f1xx_hal_pwr.o
LOAD ./Drivers/STM32F1xx_HAL_Driver/Src/stm32f1xx_hal_rcc.o
LOAD ./Drivers/STM32F1xx_HAL_Driver/Src/stm32f1xx_hal_rcc_ex.o
LOAD ./Drivers/STM32F1xx_HAL_Driver/Src/stm32f1xx_hal_tim.o
LOAD ./Drivers/STM32F1xx_HAL_Driver/Src/stm32f1xx_hal_tim_ex.o
START GROUP
LOAD c:/st/stm32cubeide_1.7.0/stm32cubeide/plugins/com.st.stm32cube.ide.mcu.externaltools.gnu-tools-for-stm32.9-2020-q2-update.win32_2.0.0.202105311346/tools/bin/../lib/gcc/arm-none-eabi/9.3.1/../../../../arm-none-eabi/lib/thumb/v7-m/nofp\libc_nano.a
LOAD c:/st/stm32cubeide_1.7.0/stm32cubeide/plugins/com.st.stm32cube.ide.mcu.externaltools.gnu-tools-for-stm32.9-2020-q2-update.win32_2.0.0.202105311346/tools/bin/../lib/gcc/arm-none-eabi/9.3.1/../../../../arm-none-eabi/lib/thumb/v7-m/nofp\libm.a
END GROUP
START GROUP
LOAD c:/st/stm32cubeide_1.7.0/stm32cubeide/plugins/com.st.stm32cube.ide.mcu.externaltools.gnu-tools-for-stm32.9-2020-q2-update.win32_2.0.0.202105311346/tools/bin/../lib/gcc/arm-none-eabi/9.3.1/thumb/v7-m/nofp\libgcc.a
LOAD c:/st/stm32cubeide_1.7.0/stm32cubeide/plugins/com.st.stm32cube.ide.mcu.externaltools.gnu-tools-for-stm32.9-2020-q2-update.win32_2.0.0.202105311346/tools/bin/../lib/gcc/arm-none-eabi/9.3.1/../../../../arm-none-eabi/lib/thumb/v7-m/nofp\libc_nano.a
END GROUP
START GROUP
LOAD c:/st/stm32cubeide_1.7.0/stm32cubeide/plugins/com.st.stm32cube.ide.mcu.externaltools.gnu-tools-for-stm32.9-2020-q2-update.win32_2.0.0.202105311346/tools/bin/../lib/gcc/arm-none-eabi/9.3.1/thumb/v7-m/nofp\libgcc.a
LOAD c:/st/stm32cubeide_1.7.0/stm32cubeide/plugins/com.st.stm32cube.ide.mcu.externaltools.gnu-tools-for-stm32.9-2020-q2-update.win32_2.0.0.202105311346/tools/bin/../lib/gcc/arm-none-eabi/9.3.1/../../../../arm-none-eabi/lib/thumb/v7-m/nofp\libc_nano.a
LOAD c:/st/stm32cubeide_1.7.0/stm32cubeide/plugins/com.st.stm32cube.ide.mcu.externaltools.gnu-tools-for-stm32.9-2020-q2-update.win32_2.0.0.202105311346/tools/bin/../lib/gcc/arm-none-eabi/9.3.1/../../../../arm-none-eabi/lib/thumb/v7-m/nofp\libnosys.a
END GROUP
START GROUP
LOAD c:/st/stm32cubeide_1.7.0/stm32cubeide/plugins/com.st.stm32cube.ide.mcu.externaltools.gnu-tools-for-stm32.9-2020-q2-update.win32_2.0.0.202105311346/tools/bin/../lib/gcc/arm-none-eabi/9.3.1/thumb/v7-m/nofp\libgcc.a
LOAD c:/st/stm32cubeide_1.7.0/stm32cubeide/plugins/com.st.stm32cube.ide.mcu.externaltools.gnu-tools-for-stm32.9-2020-q2-update.win32_2.0.0.202105311346/tools/bin/../lib/gcc/arm-none-eabi/9.3.1/../../../../arm-none-eabi/lib/thumb/v7-m/nofp\libc_nano.a
LOAD c:/st/stm32cubeide_1.7.0/stm32cubeide/plugins/com.st.stm32cube.ide.mcu.externaltools.gnu-tools-for-stm32.9-2020-q2-update.win32_2.0.0.202105311346/tools/bin/../lib/gcc/arm-none-eabi/9.3.1/../../../../arm-none-eabi/lib/thumb/v7-m/nofp\libnosys.a
END GROUP
LOAD c:/st/stm32cubeide_1.7.0/stm32cubeide/plugins/com.st.stm32cube.ide.mcu.externaltools.gnu-tools-for-stm32.9-2020-q2-update.win32_2.0.0.202105311346/tools/bin/../lib/gcc/arm-none-eabi/9.3.1/thumb/v7-m/nofp/crtend.o
LOAD c:/st/stm32cubeide_1.7.0/stm32cubeide/plugins/com.st.stm32cube.ide.mcu.externaltools.gnu-tools-for-stm32.9-2020-q2-update.win32_2.0.0.202105311346/tools/bin/../lib/gcc/arm-none-eabi/9.3.1/thumb/v7-m/nofp/crtn.o
                0x0000000020002800                _estack = (ORIGIN (RAM) + LENGTH (RAM))
                0x0000000000000200                _Min_Heap_Size = 0x200
                0x0000000000000400                _Min_Stack_Size = 0x400

.isr_vector     0x0000000008000000      0x10c
                0x0000000008000000                . = ALIGN (0x4)
 *(.isr_vector)
 .isr_vector    0x0000000008000000      0x10c ./Core/Startup/startup_stm32f103c6ux.o
                0x0000000008000000                g_pfnVectors
                0x000000000800010c                . = ALIGN (0x4)

.text           0x0000000008000110     0x3058
                0x0000000008000110                . = ALIGN (0x4)
 *(.text)
 .text          0x0000000008000110       0x40 c:/st/stm32cubeide_1.7.0/stm32cubeide/plugins/com.st.stm32cube.ide.mcu.externaltools.gnu-tools-for-stm32.9-2020-q2-update.win32_2.0.0.202105311346/tools/bin/../lib/gcc/arm-none-eabi/9.3.1/thumb/v7-m/nofp/crtbegin.o
 .text          0x0000000008000150      0x254 c:/st/stm32cubeide_1.7.0/stm32cubeide/plugins/com.st.stm32cube.ide.mcu.externaltools.gnu-tools-for-stm32.9-2020-q2-update.win32_2.0.0.202105311346/tools/bin/../lib/gcc/arm-none-eabi/9.3.1/thumb/v7-m/nofp\libgcc.a(_arm_muldf3.o)
                0x0000000008000150                __muldf3
                0x0000000008000150                __aeabi_dmul
 .text          0x00000000080003a4      0x378 c:/st/stm32cubeide_1.7.0/stm32cubeide/plugins/com.st.stm32cube.ide.mcu.externaltools.gnu-tools-for-stm32.9-2020-q2-update.win32_2.0.0.202105311346/tools/bin/../lib/gcc/arm-none-eabi/9.3.1/thumb/v7-m/nofp\libgcc.a(_arm_addsubdf3.o)
                0x00000000080003a4                __aeabi_drsub
                0x00000000080003ac                __aeabi_dsub
                0x00000000080003ac                __subdf3
                0x00000000080003b0                __aeabi_dadd
                0x00000000080003b0                __adddf3
                0x0000000008000628                __floatunsidf
                0x0000000008000628                __aeabi_ui2d
                0x0000000008000648                __floatsidf
                0x0000000008000648                __aeabi_i2d
                0x000000000800066c                __aeabi_f2d
                0x000000000800066c                __extendsfdf2
                0x00000000080006b0                __floatundidf
                0x00000000080006b0                __aeabi_ul2d
                0x00000000080006c0                __floatdidf
                0x00000000080006c0                __aeabi_l2d
 .text          0x000000000800071c      0x110 c:/st/stm32cubeide_1.7.0/stm32cubeide/plugins/com.st.stm32cube.ide.mcu.externaltools.gnu-tools-for-stm32.9-2020-q2-update.win32_2.0.0.202105311346/tools/bin/../lib/gcc/arm-none-eabi/9.3.1/thumb/v7-m/nofp\libgcc.a(_arm_cmpdf2.o)
                0x000000000800071c                __gtdf2
                0x000000000800071c                __gedf2
                0x0000000008000724                __ltdf2
                0x0000000008000724                __ledf2
                0x000000000800072c                __nedf2
                0x000000000800072c                __eqdf2
                0x000000000800072c                __cmpdf2
                0x00000000080007a8                __aeabi_cdrcmple
                0x00000000080007b8                __aeabi_cdcmpeq
                0x00000000080007b8                __aeabi_cdcmple
                0x00000000080007c8                __aeabi_dcmpeq
                0x00000000080007dc                __aeabi_dcmplt
                0x00000000080007f0                __aeabi_dcmple
                0x0000000008000804                __aeabi_dcmpge
                0x0000000008000818                __aeabi_dcmpgt
 .text          0x000000000800082c       0x50 c:/st/stm32cubeide_1.7.0/stm32cubeide/plugins/com.st.stm32cube.ide.mcu.externaltools.gnu-tools-for-stm32.9-2020-q2-update.win32_2.0.0.202105311346/tools/bin/../lib/gcc/arm-none-eabi/9.3.1/thumb/v7-m/nofp\libgcc.a(_arm_fixdfsi.o)
                0x000000000800082c                __aeabi_d2iz
                0x000000000800082c                __fixdfsi
 *(.text*)
 .text.display7SEG
                0x000000000800087c       0x6c ./Core/Src/7_SEGMENT.o
                0x000000000800087c                display7SEG
 .text.update7SEG
                0x00000000080008e8       0xf8 ./Core/Src/7_SEGMENT.o
                0x00000000080008e8                update7SEG
 .text.isButtonPress
                0x00000000080009e0       0x58 ./Core/Src/button.o
                0x00000000080009e0                isButtonPress
 .text.isModePress
                0x0000000008000a38       0x10 ./Core/Src/button.o
                0x0000000008000a38                isModePress
 .text.isTimePress
                0x0000000008000a48       0x10 ./Core/Src/button.o
                0x0000000008000a48                isTimePress
 .text.isSetPress
                0x0000000008000a58       0x10 ./Core/Src/button.o
                0x0000000008000a58                isSetPress
 .text.isControlPress
                0x0000000008000a68       0x10 ./Core/Src/button.o
                0x0000000008000a68                isControlPress
 .text.getKeyInput
                0x0000000008000a78      0x21c ./Core/Src/button.o
                0x0000000008000a78                getKeyInput
 .text.fsm_auto_run
                0x0000000008000c94       0xc0 ./Core/Src/fsm_auto.o
                0x0000000008000c94                fsm_auto_run
 .text.come_back_auto
                0x0000000008000d54       0x4c ./Core/Src/fsm_auto.o
                0x0000000008000d54                come_back_auto
 .text.init_RED_GREEN
                0x0000000008000da0       0x70 ./Core/Src/fsm_auto.o
                0x0000000008000da0                init_RED_GREEN
 .text.init_RED_AMBER
                0x0000000008000e10       0x60 ./Core/Src/fsm_auto.o
                0x0000000008000e10                init_RED_AMBER
 .text.init_GREEN_RED
                0x0000000008000e70       0x70 ./Core/Src/fsm_auto.o
                0x0000000008000e70                init_GREEN_RED
 .text.init_AMBER_RED
                0x0000000008000ee0       0x60 ./Core/Src/fsm_auto.o
                0x0000000008000ee0                init_AMBER_RED
 .text.init_fsm_manual
                0x0000000008000f40       0x60 ./Core/Src/fsm_manual.o
                0x0000000008000f40                init_fsm_manual
 .text.init_manual_control
                0x0000000008000fa0       0x4c ./Core/Src/fsm_manual.o
                0x0000000008000fa0                init_manual_control
 .text.manual_control_run
                0x0000000008000fec       0x60 ./Core/Src/fsm_manual.o
                0x0000000008000fec                manual_control_run
 *fill*         0x000000000800104c        0x4 
 .text.fsm_manual_run
                0x0000000008001050      0x29c ./Core/Src/fsm_manual.o
                0x0000000008001050                fsm_manual_run
 .text.run      0x00000000080012ec       0x68 ./Core/Src/global.o
                0x00000000080012ec                run
 .text.turn_on_LED
                0x0000000008001354       0x2c ./Core/Src/led.o
                0x0000000008001354                turn_on_LED
 .text.turn_off_LED
                0x0000000008001380       0x2c ./Core/Src/led.o
                0x0000000008001380                turn_off_LED
 .text.toggle_LED
                0x00000000080013ac       0x28 ./Core/Src/led.o
                0x00000000080013ac                toggle_LED
 .text.init_blinkLED
                0x00000000080013d4       0x9e ./Core/Src/led.o
                0x00000000080013d4                init_blinkLED
 .text.blinkLED
                0x0000000008001472       0x56 ./Core/Src/led.o
                0x0000000008001472                blinkLED
 .text.main     0x00000000080014c8       0x2c ./Core/Src/main.o
                0x00000000080014c8                main
 .text.SystemClock_Config
                0x00000000080014f4       0x76 ./Core/Src/main.o
                0x00000000080014f4                SystemClock_Config
 *fill*         0x000000000800156a        0x2 
 .text.MX_TIM2_Init
                0x000000000800156c       0x98 ./Core/Src/main.o
 .text.MX_GPIO_Init
                0x0000000008001604       0xfc ./Core/Src/main.o
 .text.HAL_TIM_PeriodElapsedCallback
                0x0000000008001700       0x18 ./Core/Src/main.o
                0x0000000008001700                HAL_TIM_PeriodElapsedCallback
 .text.Error_Handler
                0x0000000008001718        0xa ./Core/Src/main.o
                0x0000000008001718                Error_Handler
 *fill*         0x0000000008001722        0x2 
 .text.HAL_MspInit
                0x0000000008001724       0x64 ./Core/Src/stm32f1xx_hal_msp.o
                0x0000000008001724                HAL_MspInit
 .text.HAL_TIM_Base_MspInit
                0x0000000008001788       0x48 ./Core/Src/stm32f1xx_hal_msp.o
                0x0000000008001788                HAL_TIM_Base_MspInit
 .text.NMI_Handler
                0x00000000080017d0        0x6 ./Core/Src/stm32f1xx_it.o
                0x00000000080017d0                NMI_Handler
 .text.HardFault_Handler
                0x00000000080017d6        0x6 ./Core/Src/stm32f1xx_it.o
                0x00000000080017d6                HardFault_Handler
 .text.MemManage_Handler
                0x00000000080017dc        0x6 ./Core/Src/stm32f1xx_it.o
                0x00000000080017dc                MemManage_Handler
 .text.BusFault_Handler
                0x00000000080017e2        0x6 ./Core/Src/stm32f1xx_it.o
                0x00000000080017e2                BusFault_Handler
 .text.UsageFault_Handler
                0x00000000080017e8        0x6 ./Core/Src/stm32f1xx_it.o
                0x00000000080017e8                UsageFault_Handler
 .text.SVC_Handler
                0x00000000080017ee        0xc ./Core/Src/stm32f1xx_it.o
                0x00000000080017ee                SVC_Handler
 .text.DebugMon_Handler
                0x00000000080017fa        0xc ./Core/Src/stm32f1xx_it.o
                0x00000000080017fa                DebugMon_Handler
 .text.PendSV_Handler
                0x0000000008001806        0xc ./Core/Src/stm32f1xx_it.o
                0x0000000008001806                PendSV_Handler
 .text.SysTick_Handler
                0x0000000008001812        0xc ./Core/Src/stm32f1xx_it.o
                0x0000000008001812                SysTick_Handler
 *fill*         0x000000000800181e        0x2 
 .text.TIM2_IRQHandler
                0x0000000008001820       0x14 ./Core/Src/stm32f1xx_it.o
                0x0000000008001820                TIM2_IRQHandler
 .text.SystemInit
                0x0000000008001834        0xc ./Core/Src/system_stm32f1xx.o
                0x0000000008001834                SystemInit
 .text.setupTime
                0x0000000008001840       0x70 ./Core/Src/timer.o
                0x0000000008001840                setupTime
 .text.reset    0x00000000080018b0       0x4c ./Core/Src/timer.o
                0x00000000080018b0                reset
 .text.timerRun
                0x00000000080018fc       0x90 ./Core/Src/timer.o
                0x00000000080018fc                timerRun
 .text.Reset_Handler
                0x000000000800198c       0x48 ./Core/Startup/startup_stm32f103c6ux.o
                0x000000000800198c                Reset_Handler
 .text.Default_Handler
                0x00000000080019d4        0x2 ./Core/Startup/startup_stm32f103c6ux.o
                0x00000000080019d4                RTC_Alarm_IRQHandler
                0x00000000080019d4                EXTI2_IRQHandler
                0x00000000080019d4                TIM1_CC_IRQHandler
                0x00000000080019d4                PVD_IRQHandler
                0x00000000080019d4                EXTI3_IRQHandler
                0x00000000080019d4                EXTI0_IRQHandler
                0x00000000080019d4                ADC1_2_IRQHandler
                0x00000000080019d4                SPI1_IRQHandler
                0x00000000080019d4                TAMPER_IRQHandler
                0x00000000080019d4                DMA1_Channel4_IRQHandler
                0x00000000080019d4                RTC_IRQHandler
                0x00000000080019d4                DMA1_Channel7_IRQHandler
                0x00000000080019d4                CAN1_RX1_IRQHandler
                0x00000000080019d4                I2C1_EV_IRQHandler
                0x00000000080019d4                DMA1_Channel6_IRQHandler
                0x00000000080019d4                TIM3_IRQHandler
                0x00000000080019d4                RCC_IRQHandler
                0x00000000080019d4                TIM1_TRG_COM_IRQHandler
                0x00000000080019d4                DMA1_Channel1_IRQHandler
                0x00000000080019d4                Default_Handler
                0x00000000080019d4                EXTI15_10_IRQHandler
                0x00000000080019d4                EXTI9_5_IRQHandler
                0x00000000080019d4                DMA1_Channel5_IRQHandler
                0x00000000080019d4                EXTI4_IRQHandler
                0x00000000080019d4                USB_LP_CAN1_RX0_IRQHandler
                0x00000000080019d4                USB_HP_CAN1_TX_IRQHandler
                0x00000000080019d4                DMA1_Channel3_IRQHandler
                0x00000000080019d4                TIM1_UP_IRQHandler
                0x00000000080019d4                WWDG_IRQHandler
                0x00000000080019d4                TIM1_BRK_IRQHandler
                0x00000000080019d4                EXTI1_IRQHandler
                0x00000000080019d4                USART2_IRQHandler
                0x00000000080019d4                DMA1_Channel2_IRQHandler
                0x00000000080019d4                CAN1_SCE_IRQHandler
                0x00000000080019d4                FLASH_IRQHandler
                0x00000000080019d4                USART1_IRQHandler
                0x00000000080019d4                I2C1_ER_IRQHandler
                0x00000000080019d4                USBWakeUp_IRQHandler
 *fill*         0x00000000080019d6        0x2 
 .text.HAL_Init
                0x00000000080019d8       0x2c ./Drivers/STM32F1xx_HAL_Driver/Src/stm32f1xx_hal.o
                0x00000000080019d8                HAL_Init
 .text.HAL_InitTick
                0x0000000008001a04       0x60 ./Drivers/STM32F1xx_HAL_Driver/Src/stm32f1xx_hal.o
                0x0000000008001a04                HAL_InitTick
 .text.HAL_IncTick
                0x0000000008001a64       0x24 ./Drivers/STM32F1xx_HAL_Driver/Src/stm32f1xx_hal.o
                0x0000000008001a64                HAL_IncTick
 .text.HAL_GetTick
                0x0000000008001a88       0x14 ./Drivers/STM32F1xx_HAL_Driver/Src/stm32f1xx_hal.o
                0x0000000008001a88                HAL_GetTick
 .text.HAL_Delay
                0x0000000008001a9c       0x48 ./Drivers/STM32F1xx_HAL_Driver/Src/stm32f1xx_hal.o
                0x0000000008001a9c                HAL_Delay
 .text.__NVIC_SetPriorityGrouping
                0x0000000008001ae4       0x48 ./Drivers/STM32F1xx_HAL_Driver/Src/stm32f1xx_hal_cortex.o
 .text.__NVIC_GetPriorityGrouping
                0x0000000008001b2c       0x1c ./Drivers/STM32F1xx_HAL_Driver/Src/stm32f1xx_hal_cortex.o
 .text.__NVIC_EnableIRQ
                0x0000000008001b48       0x38 ./Drivers/STM32F1xx_HAL_Driver/Src/stm32f1xx_hal_cortex.o
 .text.__NVIC_SetPriority
                0x0000000008001b80       0x54 ./Drivers/STM32F1xx_HAL_Driver/Src/stm32f1xx_hal_cortex.o
 .text.NVIC_EncodePriority
                0x0000000008001bd4       0x64 ./Drivers/STM32F1xx_HAL_Driver/Src/stm32f1xx_hal_cortex.o
 .text.SysTick_Config
                0x0000000008001c38       0x44 ./Drivers/STM32F1xx_HAL_Driver/Src/stm32f1xx_hal_cortex.o
 .text.HAL_NVIC_SetPriorityGrouping
                0x0000000008001c7c       0x16 ./Drivers/STM32F1xx_HAL_Driver/Src/stm32f1xx_hal_cortex.o
                0x0000000008001c7c                HAL_NVIC_SetPriorityGrouping
 .text.HAL_NVIC_SetPriority
                0x0000000008001c92       0x38 ./Drivers/STM32F1xx_HAL_Driver/Src/stm32f1xx_hal_cortex.o
                0x0000000008001c92                HAL_NVIC_SetPriority
 .text.HAL_NVIC_EnableIRQ
                0x0000000008001cca       0x1c ./Drivers/STM32F1xx_HAL_Driver/Src/stm32f1xx_hal_cortex.o
                0x0000000008001cca                HAL_NVIC_EnableIRQ
 .text.HAL_SYSTICK_Config
                0x0000000008001ce6       0x18 ./Drivers/STM32F1xx_HAL_Driver/Src/stm32f1xx_hal_cortex.o
                0x0000000008001ce6                HAL_SYSTICK_Config
 *fill*         0x0000000008001cfe        0x2 
 .text.HAL_GPIO_Init
                0x0000000008001d00      0x2f4 ./Drivers/STM32F1xx_HAL_Driver/Src/stm32f1xx_hal_gpio.o
                0x0000000008001d00                HAL_GPIO_Init
 .text.HAL_GPIO_ReadPin
                0x0000000008001ff4       0x2e ./Drivers/STM32F1xx_HAL_Driver/Src/stm32f1xx_hal_gpio.o
                0x0000000008001ff4                HAL_GPIO_ReadPin
 .text.HAL_GPIO_WritePin
                0x0000000008002022       0x30 ./Drivers/STM32F1xx_HAL_Driver/Src/stm32f1xx_hal_gpio.o
                0x0000000008002022                HAL_GPIO_WritePin
 .text.HAL_GPIO_TogglePin
                0x0000000008002052       0x32 ./Drivers/STM32F1xx_HAL_Driver/Src/stm32f1xx_hal_gpio.o
                0x0000000008002052                HAL_GPIO_TogglePin
 .text.HAL_RCC_OscConfig
                0x0000000008002084      0x500 ./Drivers/STM32F1xx_HAL_Driver/Src/stm32f1xx_hal_rcc.o
                0x0000000008002084                HAL_RCC_OscConfig
 .text.HAL_RCC_ClockConfig
                0x0000000008002584      0x1d4 ./Drivers/STM32F1xx_HAL_Driver/Src/stm32f1xx_hal_rcc.o
                0x0000000008002584                HAL_RCC_ClockConfig
 .text.HAL_RCC_GetSysClockFreq
                0x0000000008002758       0xa8 ./Drivers/STM32F1xx_HAL_Driver/Src/stm32f1xx_hal_rcc.o
                0x0000000008002758                HAL_RCC_GetSysClockFreq
 .text.RCC_Delay
                0x0000000008002800       0x3c ./Drivers/STM32F1xx_HAL_Driver/Src/stm32f1xx_hal_rcc.o
 .text.HAL_TIM_Base_Init
                0x000000000800283c       0x9e ./Drivers/STM32F1xx_HAL_Driver/Src/stm32f1xx_hal_tim.o
                0x000000000800283c                HAL_TIM_Base_Init
 *fill*         0x00000000080028da        0x2 
 .text.HAL_TIM_Base_Start_IT
                0x00000000080028dc       0x98 ./Drivers/STM32F1xx_HAL_Driver/Src/stm32f1xx_hal_tim.o
                0x00000000080028dc                HAL_TIM_Base_Start_IT
 .text.HAL_TIM_IRQHandler
                0x0000000008002974      0x1e0 ./Drivers/STM32F1xx_HAL_Driver/Src/stm32f1xx_hal_tim.o
                0x0000000008002974                HAL_TIM_IRQHandler
 .text.HAL_TIM_ConfigClockSource
                0x0000000008002b54      0x18e ./Drivers/STM32F1xx_HAL_Driver/Src/stm32f1xx_hal_tim.o
                0x0000000008002b54                HAL_TIM_ConfigClockSource
 .text.HAL_TIM_OC_DelayElapsedCallback
                0x0000000008002ce2       0x12 ./Drivers/STM32F1xx_HAL_Driver/Src/stm32f1xx_hal_tim.o
                0x0000000008002ce2                HAL_TIM_OC_DelayElapsedCallback
 .text.HAL_TIM_IC_CaptureCallback
                0x0000000008002cf4       0x12 ./Drivers/STM32F1xx_HAL_Driver/Src/stm32f1xx_hal_tim.o
                0x0000000008002cf4                HAL_TIM_IC_CaptureCallback
 .text.HAL_TIM_PWM_PulseFinishedCallback
                0x0000000008002d06       0x12 ./Drivers/STM32F1xx_HAL_Driver/Src/stm32f1xx_hal_tim.o
                0x0000000008002d06                HAL_TIM_PWM_PulseFinishedCallback
 .text.HAL_TIM_TriggerCallback
                0x0000000008002d18       0x12 ./Drivers/STM32F1xx_HAL_Driver/Src/stm32f1xx_hal_tim.o
                0x0000000008002d18                HAL_TIM_TriggerCallback
 *fill*         0x0000000008002d2a        0x2 
 .text.TIM_Base_SetConfig
                0x0000000008002d2c       0xc8 ./Drivers/STM32F1xx_HAL_Driver/Src/stm32f1xx_hal_tim.o
                0x0000000008002d2c                TIM_Base_SetConfig
 .text.TIM_TI1_ConfigInputStage
                0x0000000008002df4       0x5c ./Drivers/STM32F1xx_HAL_Driver/Src/stm32f1xx_hal_tim.o
 .text.TIM_TI2_ConfigInputStage
                0x0000000008002e50       0x5e ./Drivers/STM32F1xx_HAL_Driver/Src/stm32f1xx_hal_tim.o
 .text.TIM_ITRx_SetConfig
                0x0000000008002eae       0x34 ./Drivers/STM32F1xx_HAL_Driver/Src/stm32f1xx_hal_tim.o
 .text.TIM_ETR_SetConfig
                0x0000000008002ee2       0x3e ./Drivers/STM32F1xx_HAL_Driver/Src/stm32f1xx_hal_tim.o
                0x0000000008002ee2                TIM_ETR_SetConfig
 .text.HAL_TIMEx_MasterConfigSynchronization
                0x0000000008002f20       0xb0 ./Drivers/STM32F1xx_HAL_Driver/Src/stm32f1xx_hal_tim_ex.o
                0x0000000008002f20                HAL_TIMEx_MasterConfigSynchronization
 .text.HAL_TIMEx_CommutCallback
                0x0000000008002fd0       0x12 ./Drivers/STM32F1xx_HAL_Driver/Src/stm32f1xx_hal_tim_ex.o
                0x0000000008002fd0                HAL_TIMEx_CommutCallback
 .text.HAL_TIMEx_BreakCallback
                0x0000000008002fe2       0x12 ./Drivers/STM32F1xx_HAL_Driver/Src/stm32f1xx_hal_tim_ex.o
                0x0000000008002fe2                HAL_TIMEx_BreakCallback
 .text.__libc_init_array
                0x0000000008002ff4       0x48 c:/st/stm32cubeide_1.7.0/stm32cubeide/plugins/com.st.stm32cube.ide.mcu.externaltools.gnu-tools-for-stm32.9-2020-q2-update.win32_2.0.0.202105311346/tools/bin/../lib/gcc/arm-none-eabi/9.3.1/../../../../arm-none-eabi/lib/thumb/v7-m/nofp\libc_nano.a(lib_a-init.o)
                0x0000000008002ff4                __libc_init_array
 .text.memset   0x000000000800303c       0x10 c:/st/stm32cubeide_1.7.0/stm32cubeide/plugins/com.st.stm32cube.ide.mcu.externaltools.gnu-tools-for-stm32.9-2020-q2-update.win32_2.0.0.202105311346/tools/bin/../lib/gcc/arm-none-eabi/9.3.1/../../../../arm-none-eabi/lib/thumb/v7-m/nofp\libc_nano.a(lib_a-memset.o)
                0x000000000800303c                memset
 *fill*         0x000000000800304c        0x4 
 .text.ceil     0x0000000008003050      0x100 c:/st/stm32cubeide_1.7.0/stm32cubeide/plugins/com.st.stm32cube.ide.mcu.externaltools.gnu-tools-for-stm32.9-2020-q2-update.win32_2.0.0.202105311346/tools/bin/../lib/gcc/arm-none-eabi/9.3.1/../../../../arm-none-eabi/lib/thumb/v7-m/nofp\libm.a(lib_a-s_ceil.o)
                0x0000000008003050                ceil
 *(.glue_7)
 .glue_7        0x0000000008003150        0x0 linker stubs
 *(.glue_7t)
 .glue_7t       0x0000000008003150        0x0 linker stubs
 *(.eh_frame)
 .eh_frame      0x0000000008003150        0x0 c:/st/stm32cubeide_1.7.0/stm32cubeide/plugins/com.st.stm32cube.ide.mcu.externaltools.gnu-tools-for-stm32.9-2020-q2-update.win32_2.0.0.202105311346/tools/bin/../lib/gcc/arm-none-eabi/9.3.1/thumb/v7-m/nofp/crtbegin.o
 *(.init)
 .init          0x0000000008003150        0x4 c:/st/stm32cubeide_1.7.0/stm32cubeide/plugins/com.st.stm32cube.ide.mcu.externaltools.gnu-tools-for-stm32.9-2020-q2-update.win32_2.0.0.202105311346/tools/bin/../lib/gcc/arm-none-eabi/9.3.1/thumb/v7-m/nofp/crti.o
                0x0000000008003150                _init
 .init          0x0000000008003154        0x8 c:/st/stm32cubeide_1.7.0/stm32cubeide/plugins/com.st.stm32cube.ide.mcu.externaltools.gnu-tools-for-stm32.9-2020-q2-update.win32_2.0.0.202105311346/tools/bin/../lib/gcc/arm-none-eabi/9.3.1/thumb/v7-m/nofp/crtn.o
 *(.fini)
 .fini          0x000000000800315c        0x4 c:/st/stm32cubeide_1.7.0/stm32cubeide/plugins/com.st.stm32cube.ide.mcu.externaltools.gnu-tools-for-stm32.9-2020-q2-update.win32_2.0.0.202105311346/tools/bin/../lib/gcc/arm-none-eabi/9.3.1/thumb/v7-m/nofp/crti.o
                0x000000000800315c                _fini
 .fini          0x0000000008003160        0x8 c:/st/stm32cubeide_1.7.0/stm32cubeide/plugins/com.st.stm32cube.ide.mcu.externaltools.gnu-tools-for-stm32.9-2020-q2-update.win32_2.0.0.202105311346/tools/bin/../lib/gcc/arm-none-eabi/9.3.1/thumb/v7-m/nofp/crtn.o
                0x0000000008003168                . = ALIGN (0x4)
                0x0000000008003168                _etext = .

.vfp11_veneer   0x0000000008003168        0x0
 .vfp11_veneer  0x0000000008003168        0x0 linker stubs

.v4_bx          0x0000000008003168        0x0
 .v4_bx         0x0000000008003168        0x0 linker stubs

.iplt           0x0000000008003168        0x0
 .iplt          0x0000000008003168        0x0 c:/st/stm32cubeide_1.7.0/stm32cubeide/plugins/com.st.stm32cube.ide.mcu.externaltools.gnu-tools-for-stm32.9-2020-q2-update.win32_2.0.0.202105311346/tools/bin/../lib/gcc/arm-none-eabi/9.3.1/thumb/v7-m/nofp/crtbegin.o

.rodata         0x0000000008003168       0x6c
                0x0000000008003168                . = ALIGN (0x4)
 *(.rodata)
 *(.rodata*)
 .rodata.seg_pattern
                0x0000000008003168       0x46 ./Core/Src/7_SEGMENT.o
                0x0000000008003168                seg_pattern
 *fill*         0x00000000080031ae        0x2 
 .rodata.AHBPrescTable
                0x00000000080031b0       0x10 ./Core/Src/system_stm32f1xx.o
                0x00000000080031b0                AHBPrescTable
 .rodata.aPLLMULFactorTable.6032
                0x00000000080031c0       0x10 ./Drivers/STM32F1xx_HAL_Driver/Src/stm32f1xx_hal_rcc.o
 .rodata.aPredivFactorTable.6033
                0x00000000080031d0        0x2 ./Drivers/STM32F1xx_HAL_Driver/Src/stm32f1xx_hal_rcc.o
                0x00000000080031d4                . = ALIGN (0x4)
 *fill*         0x00000000080031d2        0x2 

.rel.dyn        0x00000000080031d4        0x0
 .rel.iplt      0x00000000080031d4        0x0 c:/st/stm32cubeide_1.7.0/stm32cubeide/plugins/com.st.stm32cube.ide.mcu.externaltools.gnu-tools-for-stm32.9-2020-q2-update.win32_2.0.0.202105311346/tools/bin/../lib/gcc/arm-none-eabi/9.3.1/thumb/v7-m/nofp/crtbegin.o

.ARM.extab      0x00000000080031d4        0x0
                0x00000000080031d4                . = ALIGN (0x4)
 *(.ARM.extab* .gnu.linkonce.armextab.*)
                0x00000000080031d4                . = ALIGN (0x4)

.ARM            0x00000000080031d4        0x0
                0x00000000080031d4                . = ALIGN (0x4)
                0x00000000080031d4                __exidx_start = .
 *(.ARM.exidx*)
                0x00000000080031d4                __exidx_end = .
                0x00000000080031d4                . = ALIGN (0x4)

.preinit_array  0x00000000080031d4        0x0
                0x00000000080031d4                . = ALIGN (0x4)
                0x00000000080031d4                PROVIDE (__preinit_array_start = .)
 *(.preinit_array*)
                0x00000000080031d4                PROVIDE (__preinit_array_end = .)
                0x00000000080031d4                . = ALIGN (0x4)

.init_array     0x00000000080031d4        0x4
                0x00000000080031d4                . = ALIGN (0x4)
                0x00000000080031d4                PROVIDE (__init_array_start = .)
 *(SORT_BY_NAME(.init_array.*))
 *(.init_array*)
 .init_array    0x00000000080031d4        0x4 c:/st/stm32cubeide_1.7.0/stm32cubeide/plugins/com.st.stm32cube.ide.mcu.externaltools.gnu-tools-for-stm32.9-2020-q2-update.win32_2.0.0.202105311346/tools/bin/../lib/gcc/arm-none-eabi/9.3.1/thumb/v7-m/nofp/crtbegin.o
                0x00000000080031d8                PROVIDE (__init_array_end = .)
                0x00000000080031d8                . = ALIGN (0x4)

.fini_array     0x00000000080031d8        0x4
                0x00000000080031d8                . = ALIGN (0x4)
                [!provide]                        PROVIDE (__fini_array_start = .)
 *(SORT_BY_NAME(.fini_array.*))
 *(.fini_array*)
 .fini_array    0x00000000080031d8        0x4 c:/st/stm32cubeide_1.7.0/stm32cubeide/plugins/com.st.stm32cube.ide.mcu.externaltools.gnu-tools-for-stm32.9-2020-q2-update.win32_2.0.0.202105311346/tools/bin/../lib/gcc/arm-none-eabi/9.3.1/thumb/v7-m/nofp/crtbegin.o
                [!provide]                        PROVIDE (__fini_array_end = .)
                0x00000000080031dc                . = ALIGN (0x4)
                0x00000000080031dc                _sidata = LOADADDR (.data)

.data           0x0000000020000000       0x50 load address 0x00000000080031dc
                0x0000000020000000                . = ALIGN (0x4)
                0x0000000020000000                _sdata = .
 *(.data)
 *(.data*)
 .data.segPins_A
                0x0000000020000000        0xe ./Core/Src/7_SEGMENT.o
                0x0000000020000000                segPins_A
 *fill*         0x000000002000000e        0x2 
 .data.segPins_B
                0x0000000020000010        0xe ./Core/Src/7_SEGMENT.o
                0x0000000020000010                segPins_B
 *fill*         0x000000002000001e        0x2 
 .data.pin_of_buttons
                0x0000000020000020        0x8 ./Core/Src/button.o
                0x0000000020000020                pin_of_buttons
 .data.Time_red
                0x0000000020000028        0x4 ./Core/Src/global.o
                0x0000000020000028                Time_red
 .data.Time_amber
                0x000000002000002c        0x4 ./Core/Src/global.o
                0x000000002000002c                Time_amber
 .data.Time_green
                0x0000000020000030        0x4 ./Core/Src/global.o
                0x0000000020000030                Time_green
 .data.array_led_pins
                0x0000000020000034        0xe ./Core/Src/led.o
                0x0000000020000034                array_led_pins
 *fill*         0x0000000020000042        0x2 
 .data.SystemCoreClock
                0x0000000020000044        0x4 ./Core/Src/system_stm32f1xx.o
                0x0000000020000044                SystemCoreClock
 .data.uwTickPrio
                0x0000000020000048        0x4 ./Drivers/STM32F1xx_HAL_Driver/Src/stm32f1xx_hal.o
                0x0000000020000048                uwTickPrio
 .data.uwTickFreq
                0x000000002000004c        0x1 ./Drivers/STM32F1xx_HAL_Driver/Src/stm32f1xx_hal.o
                0x000000002000004c                uwTickFreq
 *(.RamFunc)
 *(.RamFunc*)
                0x0000000020000050                . = ALIGN (0x4)
 *fill*         0x000000002000004d        0x3 
                0x0000000020000050                _edata = .

.igot.plt       0x0000000020000050        0x0 load address 0x000000000800322c
 .igot.plt      0x0000000020000050        0x0 c:/st/stm32cubeide_1.7.0/stm32cubeide/plugins/com.st.stm32cube.ide.mcu.externaltools.gnu-tools-for-stm32.9-2020-q2-update.win32_2.0.0.202105311346/tools/bin/../lib/gcc/arm-none-eabi/9.3.1/thumb/v7-m/nofp/crtbegin.o
                0x0000000020000050                . = ALIGN (0x4)

.bss            0x0000000020000050      0x138 load address 0x000000000800322c
                0x0000000020000050                _sbss = .
                0x0000000020000050                __bss_start__ = _sbss
 *(.bss)
 .bss           0x0000000020000050       0x1c c:/st/stm32cubeide_1.7.0/stm32cubeide/plugins/com.st.stm32cube.ide.mcu.externaltools.gnu-tools-for-stm32.9-2020-q2-update.win32_2.0.0.202105311346/tools/bin/../lib/gcc/arm-none-eabi/9.3.1/thumb/v7-m/nofp/crtbegin.o
 *(.bss*)
 .bss.state.6746
                0x000000002000006c        0x4 ./Core/Src/7_SEGMENT.o
 .bss.state_auto
                0x0000000020000070        0x4 ./Core/Src/fsm_auto.o
                0x0000000020000070                state_auto
 .bss.lane1     0x0000000020000074        0x4 ./Core/Src/fsm_auto.o
                0x0000000020000074                lane1
 .bss.lane2     0x0000000020000078        0x4 ./Core/Src/fsm_auto.o
                0x0000000020000078                lane2
 .bss.state_manual
                0x000000002000007c        0x4 ./Core/Src/fsm_manual.o
                0x000000002000007c                state_manual
 .bss.admin_mode
                0x0000000020000080        0x4 ./Core/Src/global.o
                0x0000000020000080                admin_mode
 *(COMMON)
 COMMON         0x0000000020000084       0x70 ./Core/Src/button.o
                0x0000000020000084                button
 COMMON         0x00000000200000f4        0xc ./Core/Src/fsm_manual.o
                0x00000000200000f4                temp_amber
                0x00000000200000f8                temp_red
                0x00000000200000fc                temp_green
 COMMON         0x0000000020000100       0x48 ./Core/Src/main.o
                0x0000000020000100                htim2
 COMMON         0x0000000020000148       0x3c ./Core/Src/timer.o
                0x0000000020000148                actions
 COMMON         0x0000000020000184        0x4 ./Drivers/STM32F1xx_HAL_Driver/Src/stm32f1xx_hal.o
                0x0000000020000184                uwTick
                0x0000000020000188                . = ALIGN (0x4)
                0x0000000020000188                _ebss = .
                0x0000000020000188                __bss_end__ = _ebss

._user_heap_stack
                0x0000000020000188      0x600 load address 0x000000000800322c
                0x0000000020000188                . = ALIGN (0x8)
                [!provide]                        PROVIDE (end = .)
                0x0000000020000188                PROVIDE (_end = .)
                0x0000000020000388                . = (. + _Min_Heap_Size)
 *fill*         0x0000000020000188      0x200 
                0x0000000020000788                . = (. + _Min_Stack_Size)
 *fill*         0x0000000020000388      0x400 
                0x0000000020000788                . = ALIGN (0x8)

/DISCARD/
 libc.a(*)
 libm.a(*)
 libgcc.a(*)

.ARM.attributes
                0x0000000000000000       0x29
 *(.ARM.attributes)
 .ARM.attributes
                0x0000000000000000       0x1d c:/st/stm32cubeide_1.7.0/stm32cubeide/plugins/com.st.stm32cube.ide.mcu.externaltools.gnu-tools-for-stm32.9-2020-q2-update.win32_2.0.0.202105311346/tools/bin/../lib/gcc/arm-none-eabi/9.3.1/thumb/v7-m/nofp/crti.o
 .ARM.attributes
                0x000000000000001d       0x2d c:/st/stm32cubeide_1.7.0/stm32cubeide/plugins/com.st.stm32cube.ide.mcu.externaltools.gnu-tools-for-stm32.9-2020-q2-update.win32_2.0.0.202105311346/tools/bin/../lib/gcc/arm-none-eabi/9.3.1/thumb/v7-m/nofp/crtbegin.o
 .ARM.attributes
                0x000000000000004a       0x2d ./Core/Src/7_SEGMENT.o
 .ARM.attributes
                0x0000000000000077       0x2d ./Core/Src/button.o
 .ARM.attributes
                0x00000000000000a4       0x2d ./Core/Src/fsm_auto.o
 .ARM.attributes
                0x00000000000000d1       0x2d ./Core/Src/fsm_manual.o
 .ARM.attributes
                0x00000000000000fe       0x2d ./Core/Src/global.o
 .ARM.attributes
                0x000000000000012b       0x2d ./Core/Src/led.o
 .ARM.attributes
                0x0000000000000158       0x2d ./Core/Src/main.o
 .ARM.attributes
                0x0000000000000185       0x2d ./Core/Src/stm32f1xx_hal_msp.o
 .ARM.attributes
                0x00000000000001b2       0x2d ./Core/Src/stm32f1xx_it.o
 .ARM.attributes
                0x00000000000001df       0x2d ./Core/Src/system_stm32f1xx.o
 .ARM.attributes
                0x000000000000020c       0x2d ./Core/Src/timer.o
 .ARM.attributes
                0x0000000000000239       0x21 ./Core/Startup/startup_stm32f103c6ux.o
 .ARM.attributes
                0x000000000000025a       0x2d ./Drivers/STM32F1xx_HAL_Driver/Src/stm32f1xx_hal.o
 .ARM.attributes
                0x0000000000000287       0x2d ./Drivers/STM32F1xx_HAL_Driver/Src/stm32f1xx_hal_cortex.o
 .ARM.attributes
                0x00000000000002b4       0x2d ./Drivers/STM32F1xx_HAL_Driver/Src/stm32f1xx_hal_gpio.o
 .ARM.attributes
                0x00000000000002e1       0x2d ./Drivers/STM32F1xx_HAL_Driver/Src/stm32f1xx_hal_rcc.o
 .ARM.attributes
                0x000000000000030e       0x2d ./Drivers/STM32F1xx_HAL_Driver/Src/stm32f1xx_hal_tim.o
 .ARM.attributes
                0x000000000000033b       0x2d ./Drivers/STM32F1xx_HAL_Driver/Src/stm32f1xx_hal_tim_ex.o
 .ARM.attributes
                0x0000000000000368       0x2d c:/st/stm32cubeide_1.7.0/stm32cubeide/plugins/com.st.stm32cube.ide.mcu.externaltools.gnu-tools-for-stm32.9-2020-q2-update.win32_2.0.0.202105311346/tools/bin/../lib/gcc/arm-none-eabi/9.3.1/../../../../arm-none-eabi/lib/thumb/v7-m/nofp\libc_nano.a(lib_a-init.o)
 .ARM.attributes
                0x0000000000000395       0x2d c:/st/stm32cubeide_1.7.0/stm32cubeide/plugins/com.st.stm32cube.ide.mcu.externaltools.gnu-tools-for-stm32.9-2020-q2-update.win32_2.0.0.202105311346/tools/bin/../lib/gcc/arm-none-eabi/9.3.1/../../../../arm-none-eabi/lib/thumb/v7-m/nofp\libc_nano.a(lib_a-memset.o)
 .ARM.attributes
                0x00000000000003c2       0x2d c:/st/stm32cubeide_1.7.0/stm32cubeide/plugins/com.st.stm32cube.ide.mcu.externaltools.gnu-tools-for-stm32.9-2020-q2-update.win32_2.0.0.202105311346/tools/bin/../lib/gcc/arm-none-eabi/9.3.1/../../../../arm-none-eabi/lib/thumb/v7-m/nofp\libm.a(lib_a-s_ceil.o)
 .ARM.attributes
                0x00000000000003ef       0x1d c:/st/stm32cubeide_1.7.0/stm32cubeide/plugins/com.st.stm32cube.ide.mcu.externaltools.gnu-tools-for-stm32.9-2020-q2-update.win32_2.0.0.202105311346/tools/bin/../lib/gcc/arm-none-eabi/9.3.1/thumb/v7-m/nofp\libgcc.a(_arm_muldf3.o)
 .ARM.attributes
                0x000000000000040c       0x1d c:/st/stm32cubeide_1.7.0/stm32cubeide/plugins/com.st.stm32cube.ide.mcu.externaltools.gnu-tools-for-stm32.9-2020-q2-update.win32_2.0.0.202105311346/tools/bin/../lib/gcc/arm-none-eabi/9.3.1/thumb/v7-m/nofp\libgcc.a(_arm_addsubdf3.o)
 .ARM.attributes
                0x0000000000000429       0x1d c:/st/stm32cubeide_1.7.0/stm32cubeide/plugins/com.st.stm32cube.ide.mcu.externaltools.gnu-tools-for-stm32.9-2020-q2-update.win32_2.0.0.202105311346/tools/bin/../lib/gcc/arm-none-eabi/9.3.1/thumb/v7-m/nofp\libgcc.a(_arm_cmpdf2.o)
 .ARM.attributes
                0x0000000000000446       0x1d c:/st/stm32cubeide_1.7.0/stm32cubeide/plugins/com.st.stm32cube.ide.mcu.externaltools.gnu-tools-for-stm32.9-2020-q2-update.win32_2.0.0.202105311346/tools/bin/../lib/gcc/arm-none-eabi/9.3.1/thumb/v7-m/nofp\libgcc.a(_arm_fixdfsi.o)
 .ARM.attributes
                0x0000000000000463       0x1d c:/st/stm32cubeide_1.7.0/stm32cubeide/plugins/com.st.stm32cube.ide.mcu.externaltools.gnu-tools-for-stm32.9-2020-q2-update.win32_2.0.0.202105311346/tools/bin/../lib/gcc/arm-none-eabi/9.3.1/thumb/v7-m/nofp/crtn.o
OUTPUT(STM32Project.elf elf32-littlearm)
LOAD linker stubs
LOAD c:/st/stm32cubeide_1.7.0/stm32cubeide/plugins/com.st.stm32cube.ide.mcu.externaltools.gnu-tools-for-stm32.9-2020-q2-update.win32_2.0.0.202105311346/tools/bin/../lib/gcc/arm-none-eabi/9.3.1/../../../../arm-none-eabi/lib/thumb/v7-m/nofp\libc.a
LOAD c:/st/stm32cubeide_1.7.0/stm32cubeide/plugins/com.st.stm32cube.ide.mcu.externaltools.gnu-tools-for-stm32.9-2020-q2-update.win32_2.0.0.202105311346/tools/bin/../lib/gcc/arm-none-eabi/9.3.1/../../../../arm-none-eabi/lib/thumb/v7-m/nofp\libm.a
LOAD c:/st/stm32cubeide_1.7.0/stm32cubeide/plugins/com.st.stm32cube.ide.mcu.externaltools.gnu-tools-for-stm32.9-2020-q2-update.win32_2.0.0.202105311346/tools/bin/../lib/gcc/arm-none-eabi/9.3.1/thumb/v7-m/nofp\libgcc.a

.debug_info     0x0000000000000000     0xd237
 .debug_info    0x0000000000000000      0xd0f ./Core/Src/7_SEGMENT.o
 .debug_info    0x0000000000000d0f      0x3fa ./Core/Src/button.o
 .debug_info    0x0000000000001109      0xc31 ./Core/Src/fsm_auto.o
 .debug_info    0x0000000000001d3a      0xc2b ./Core/Src/fsm_manual.o
 .debug_info    0x0000000000002965      0xbe5 ./Core/Src/global.o
 .debug_info    0x000000000000354a      0xd0e ./Core/Src/led.o
 .debug_info    0x0000000000004258     0x15b2 ./Core/Src/main.o
 .debug_info    0x000000000000580a      0xa09 ./Core/Src/stm32f1xx_hal_msp.o
 .debug_info    0x0000000000006213      0x7b9 ./Core/Src/stm32f1xx_it.o
 .debug_info    0x00000000000069cc      0x2be ./Core/Src/system_stm32f1xx.o
 .debug_info    0x0000000000006c8a      0x13c ./Core/Src/timer.o
 .debug_info    0x0000000000006dc6       0x22 ./Core/Startup/startup_stm32f103c6ux.o
 .debug_info    0x0000000000006de8      0x74c ./Drivers/STM32F1xx_HAL_Driver/Src/stm32f1xx_hal.o
 .debug_info    0x0000000000007534      0xbbe ./Drivers/STM32F1xx_HAL_Driver/Src/stm32f1xx_hal_cortex.o
 .debug_info    0x00000000000080f2      0x701 ./Drivers/STM32F1xx_HAL_Driver/Src/stm32f1xx_hal_gpio.o
 .debug_info    0x00000000000087f3      0x893 ./Drivers/STM32F1xx_HAL_Driver/Src/stm32f1xx_hal_rcc.o
 .debug_info    0x0000000000009086     0x2c32 ./Drivers/STM32F1xx_HAL_Driver/Src/stm32f1xx_hal_tim.o
 .debug_info    0x000000000000bcb8     0x157f ./Drivers/STM32F1xx_HAL_Driver/Src/stm32f1xx_hal_tim_ex.o

.debug_abbrev   0x0000000000000000     0x226b
 .debug_abbrev  0x0000000000000000      0x246 ./Core/Src/7_SEGMENT.o
 .debug_abbrev  0x0000000000000246      0x1b3 ./Core/Src/button.o
 .debug_abbrev  0x00000000000003f9      0x1f5 ./Core/Src/fsm_auto.o
 .debug_abbrev  0x00000000000005ee      0x1e6 ./Core/Src/fsm_manual.o
 .debug_abbrev  0x00000000000007d4      0x1f5 ./Core/Src/global.o
 .debug_abbrev  0x00000000000009c9      0x235 ./Core/Src/led.o
 .debug_abbrev  0x0000000000000bfe      0x2b6 ./Core/Src/main.o
 .debug_abbrev  0x0000000000000eb4      0x1b7 ./Core/Src/stm32f1xx_hal_msp.o
 .debug_abbrev  0x000000000000106b      0x176 ./Core/Src/stm32f1xx_it.o
 .debug_abbrev  0x00000000000011e1      0x14e ./Core/Src/system_stm32f1xx.o
 .debug_abbrev  0x000000000000132f      0x10b ./Core/Src/timer.o
 .debug_abbrev  0x000000000000143a       0x12 ./Core/Startup/startup_stm32f103c6ux.o
 .debug_abbrev  0x000000000000144c      0x1ed ./Drivers/STM32F1xx_HAL_Driver/Src/stm32f1xx_hal.o
 .debug_abbrev  0x0000000000001639      0x313 ./Drivers/STM32F1xx_HAL_Driver/Src/stm32f1xx_hal_cortex.o
 .debug_abbrev  0x000000000000194c      0x1e8 ./Drivers/STM32F1xx_HAL_Driver/Src/stm32f1xx_hal_gpio.o
 .debug_abbrev  0x0000000000001b34      0x273 ./Drivers/STM32F1xx_HAL_Driver/Src/stm32f1xx_hal_rcc.o
 .debug_abbrev  0x0000000000001da7      0x25e ./Drivers/STM32F1xx_HAL_Driver/Src/stm32f1xx_hal_tim.o
 .debug_abbrev  0x0000000000002005      0x266 ./Drivers/STM32F1xx_HAL_Driver/Src/stm32f1xx_hal_tim_ex.o

.debug_aranges  0x0000000000000000      0xad0
 .debug_aranges
                0x0000000000000000       0x28 ./Core/Src/7_SEGMENT.o
 .debug_aranges
                0x0000000000000028       0x68 ./Core/Src/button.o
 .debug_aranges
                0x0000000000000090       0x48 ./Core/Src/fsm_auto.o
 .debug_aranges
                0x00000000000000d8       0x38 ./Core/Src/fsm_manual.o
 .debug_aranges
                0x0000000000000110       0x20 ./Core/Src/global.o
 .debug_aranges
                0x0000000000000130       0x40 ./Core/Src/led.o
 .debug_aranges
                0x0000000000000170       0x48 ./Core/Src/main.o
 .debug_aranges
                0x00000000000001b8       0x30 ./Core/Src/stm32f1xx_hal_msp.o
 .debug_aranges
                0x00000000000001e8       0x68 ./Core/Src/stm32f1xx_it.o
 .debug_aranges
                0x0000000000000250       0x28 ./Core/Src/system_stm32f1xx.o
 .debug_aranges
                0x0000000000000278       0x30 ./Core/Src/timer.o
 .debug_aranges
                0x00000000000002a8       0x28 ./Core/Startup/startup_stm32f103c6ux.o
 .debug_aranges
                0x00000000000002d0       0xe0 ./Drivers/STM32F1xx_HAL_Driver/Src/stm32f1xx_hal.o
 .debug_aranges
                0x00000000000003b0      0x100 ./Drivers/STM32F1xx_HAL_Driver/Src/stm32f1xx_hal_cortex.o
 .debug_aranges
                0x00000000000004b0       0x58 ./Drivers/STM32F1xx_HAL_Driver/Src/stm32f1xx_hal_gpio.o
 .debug_aranges
                0x0000000000000508       0x90 ./Drivers/STM32F1xx_HAL_Driver/Src/stm32f1xx_hal_rcc.o
 .debug_aranges
                0x0000000000000598      0x3d0 ./Drivers/STM32F1xx_HAL_Driver/Src/stm32f1xx_hal_tim.o
 .debug_aranges
                0x0000000000000968      0x168 ./Drivers/STM32F1xx_HAL_Driver/Src/stm32f1xx_hal_tim_ex.o

.debug_ranges   0x0000000000000000      0x9b8
 .debug_ranges  0x0000000000000000       0x18 ./Core/Src/7_SEGMENT.o
 .debug_ranges  0x0000000000000018       0x58 ./Core/Src/button.o
 .debug_ranges  0x0000000000000070       0x38 ./Core/Src/fsm_auto.o
 .debug_ranges  0x00000000000000a8       0x28 ./Core/Src/fsm_manual.o
 .debug_ranges  0x00000000000000d0       0x10 ./Core/Src/global.o
 .debug_ranges  0x00000000000000e0       0x30 ./Core/Src/led.o
 .debug_ranges  0x0000000000000110       0x38 ./Core/Src/main.o
 .debug_ranges  0x0000000000000148       0x20 ./Core/Src/stm32f1xx_hal_msp.o
 .debug_ranges  0x0000000000000168       0x58 ./Core/Src/stm32f1xx_it.o
 .debug_ranges  0x00000000000001c0       0x18 ./Core/Src/system_stm32f1xx.o
 .debug_ranges  0x00000000000001d8       0x20 ./Core/Src/timer.o
 .debug_ranges  0x00000000000001f8       0x20 ./Core/Startup/startup_stm32f103c6ux.o
 .debug_ranges  0x0000000000000218       0xd0 ./Drivers/STM32F1xx_HAL_Driver/Src/stm32f1xx_hal.o
 .debug_ranges  0x00000000000002e8       0xf0 ./Drivers/STM32F1xx_HAL_Driver/Src/stm32f1xx_hal_cortex.o
 .debug_ranges  0x00000000000003d8       0x48 ./Drivers/STM32F1xx_HAL_Driver/Src/stm32f1xx_hal_gpio.o
 .debug_ranges  0x0000000000000420       0x80 ./Drivers/STM32F1xx_HAL_Driver/Src/stm32f1xx_hal_rcc.o
 .debug_ranges  0x00000000000004a0      0x3c0 ./Drivers/STM32F1xx_HAL_Driver/Src/stm32f1xx_hal_tim.o
 .debug_ranges  0x0000000000000860      0x158 ./Drivers/STM32F1xx_HAL_Driver/Src/stm32f1xx_hal_tim_ex.o

.debug_macro    0x0000000000000000    0x17dd2
 .debug_macro   0x0000000000000000      0x2af ./Core/Src/7_SEGMENT.o
 .debug_macro   0x00000000000002af      0xa9c ./Core/Src/7_SEGMENT.o
 .debug_macro   0x0000000000000d4b      0x215 ./Core/Src/7_SEGMENT.o
 .debug_macro   0x0000000000000f60       0x2e ./Core/Src/7_SEGMENT.o
 .debug_macro   0x0000000000000f8e       0x22 ./Core/Src/7_SEGMENT.o
 .debug_macro   0x0000000000000fb0       0x22 ./Core/Src/7_SEGMENT.o
 .debug_macro   0x0000000000000fd2       0x8e ./Core/Src/7_SEGMENT.o
 .debug_macro   0x0000000000001060       0x51 ./Core/Src/7_SEGMENT.o
 .debug_macro   0x00000000000010b1      0x103 ./Core/Src/7_SEGMENT.o
 .debug_macro   0x00000000000011b4       0x6a ./Core/Src/7_SEGMENT.o
 .debug_macro   0x000000000000121e      0x1df ./Core/Src/7_SEGMENT.o
 .debug_macro   0x00000000000013fd       0x1c ./Core/Src/7_SEGMENT.o
 .debug_macro   0x0000000000001419       0x22 ./Core/Src/7_SEGMENT.o
 .debug_macro   0x000000000000143b       0xc3 ./Core/Src/7_SEGMENT.o
 .debug_macro   0x00000000000014fe      0xd23 ./Core/Src/7_SEGMENT.o
 .debug_macro   0x0000000000002221     0xde75 ./Core/Src/7_SEGMENT.o
 .debug_macro   0x0000000000010096       0x6d ./Core/Src/7_SEGMENT.o
 .debug_macro   0x0000000000010103     0x34a2 ./Core/Src/7_SEGMENT.o
 .debug_macro   0x00000000000135a5      0x174 ./Core/Src/7_SEGMENT.o
 .debug_macro   0x0000000000013719       0x5c ./Core/Src/7_SEGMENT.o
 .debug_macro   0x0000000000013775      0x5bc ./Core/Src/7_SEGMENT.o
 .debug_macro   0x0000000000013d31      0x1b7 ./Core/Src/7_SEGMENT.o
 .debug_macro   0x0000000000013ee8      0x1cb ./Core/Src/7_SEGMENT.o
 .debug_macro   0x00000000000140b3      0x114 ./Core/Src/7_SEGMENT.o
 .debug_macro   0x00000000000141c7      0x1b2 ./Core/Src/7_SEGMENT.o
 .debug_macro   0x0000000000014379       0x27 ./Core/Src/7_SEGMENT.o
 .debug_macro   0x00000000000143a0      0x12f ./Core/Src/7_SEGMENT.o
 .debug_macro   0x00000000000144cf      0x1bc ./Core/Src/7_SEGMENT.o
 .debug_macro   0x000000000001468b       0x34 ./Core/Src/7_SEGMENT.o
 .debug_macro   0x00000000000146bf       0x3c ./Core/Src/7_SEGMENT.o
 .debug_macro   0x00000000000146fb       0x57 ./Core/Src/7_SEGMENT.o
 .debug_macro   0x0000000000014752       0x87 ./Core/Src/7_SEGMENT.o
 .debug_macro   0x00000000000147d9      0x183 ./Core/Src/7_SEGMENT.o
 .debug_macro   0x000000000001495c      0x140 ./Core/Src/7_SEGMENT.o
 .debug_macro   0x0000000000014a9c      0x8ed ./Core/Src/7_SEGMENT.o
 .debug_macro   0x0000000000015389       0x69 ./Core/Src/7_SEGMENT.o
 .debug_macro   0x00000000000153f2      0x154 ./Core/Src/7_SEGMENT.o
 .debug_macro   0x0000000000015546       0x22 ./Core/Src/7_SEGMENT.o
 .debug_macro   0x0000000000015568       0x52 ./Core/Src/7_SEGMENT.o
 .debug_macro   0x00000000000155ba       0x18 ./Core/Src/7_SEGMENT.o
 .debug_macro   0x00000000000155d2       0x3c ./Core/Src/7_SEGMENT.o
 .debug_macro   0x000000000001560e       0x34 ./Core/Src/7_SEGMENT.o
 .debug_macro   0x0000000000015642       0x16 ./Core/Src/7_SEGMENT.o
 .debug_macro   0x0000000000015658       0x43 ./Core/Src/7_SEGMENT.o
 .debug_macro   0x000000000001569b       0x34 ./Core/Src/7_SEGMENT.o
 .debug_macro   0x00000000000156cf       0x10 ./Core/Src/7_SEGMENT.o
 .debug_macro   0x00000000000156df       0x58 ./Core/Src/7_SEGMENT.o
 .debug_macro   0x0000000000015737       0x71 ./Core/Src/7_SEGMENT.o
 .debug_macro   0x00000000000157a8       0x1c ./Core/Src/7_SEGMENT.o
 .debug_macro   0x00000000000157c4      0x12a ./Core/Src/7_SEGMENT.o
 .debug_macro   0x00000000000158ee      0x333 ./Core/Src/7_SEGMENT.o
 .debug_macro   0x0000000000015c21      0x1a9 ./Core/Src/7_SEGMENT.o
 .debug_macro   0x0000000000015dca       0x3a ./Core/Src/7_SEGMENT.o
 .debug_macro   0x0000000000015e04       0x1c ./Core/Src/7_SEGMENT.o
 .debug_macro   0x0000000000015e20       0x34 ./Core/Src/7_SEGMENT.o
 .debug_macro   0x0000000000015e54       0x34 ./Core/Src/7_SEGMENT.o
 .debug_macro   0x0000000000015e88       0x4c ./Core/Src/7_SEGMENT.o
 .debug_macro   0x0000000000015ed4      0x1b5 ./Core/Src/button.o
 .debug_macro   0x0000000000016089       0x34 ./Core/Src/button.o
 .debug_macro   0x00000000000160bd      0x2af ./Core/Src/fsm_auto.o
 .debug_macro   0x000000000001636c      0x2a9 ./Core/Src/fsm_manual.o
 .debug_macro   0x0000000000016615       0x22 ./Core/Src/fsm_manual.o
 .debug_macro   0x0000000000016637      0x2a5 ./Core/Src/global.o
 .debug_macro   0x00000000000168dc      0x2af ./Core/Src/led.o
 .debug_macro   0x0000000000016b8b       0x2e ./Core/Src/led.o
 .debug_macro   0x0000000000016bb9      0x2a9 ./Core/Src/main.o
 .debug_macro   0x0000000000016e62      0x1a6 ./Core/Src/stm32f1xx_hal_msp.o
 .debug_macro   0x0000000000017008      0x1b0 ./Core/Src/stm32f1xx_it.o
 .debug_macro   0x00000000000171b8      0x197 ./Core/Src/system_stm32f1xx.o
 .debug_macro   0x000000000001734f       0x29 ./Core/Src/timer.o
 .debug_macro   0x0000000000017378       0x2e ./Core/Src/timer.o
 .debug_macro   0x00000000000173a6      0x1bb ./Drivers/STM32F1xx_HAL_Driver/Src/stm32f1xx_hal.o
 .debug_macro   0x0000000000017561      0x197 ./Drivers/STM32F1xx_HAL_Driver/Src/stm32f1xx_hal_cortex.o
 .debug_macro   0x00000000000176f8      0x202 ./Drivers/STM32F1xx_HAL_Driver/Src/stm32f1xx_hal_gpio.o
 .debug_macro   0x00000000000178fa      0x1a9 ./Drivers/STM32F1xx_HAL_Driver/Src/stm32f1xx_hal_rcc.o
 .debug_macro   0x0000000000017aa3      0x198 ./Drivers/STM32F1xx_HAL_Driver/Src/stm32f1xx_hal_tim.o
 .debug_macro   0x0000000000017c3b      0x197 ./Drivers/STM32F1xx_HAL_Driver/Src/stm32f1xx_hal_tim_ex.o

.debug_line     0x0000000000000000     0xc993
 .debug_line    0x0000000000000000      0x873 ./Core/Src/7_SEGMENT.o
 .debug_line    0x0000000000000873      0x7d6 ./Core/Src/button.o
 .debug_line    0x0000000000001049      0x8ff ./Core/Src/fsm_auto.o
 .debug_line    0x0000000000001948      0x985 ./Core/Src/fsm_manual.o
 .debug_line    0x00000000000022cd      0x807 ./Core/Src/global.o
 .debug_line    0x0000000000002ad4      0x87d ./Core/Src/led.o
 .debug_line    0x0000000000003351      0x929 ./Core/Src/main.o
 .debug_line    0x0000000000003c7a      0x6a1 ./Core/Src/stm32f1xx_hal_msp.o
 .debug_line    0x000000000000431b      0x73f ./Core/Src/stm32f1xx_it.o
 .debug_line    0x0000000000004a5a      0x6e3 ./Core/Src/system_stm32f1xx.o
 .debug_line    0x000000000000513d      0x192 ./Core/Src/timer.o
 .debug_line    0x00000000000052cf       0x86 ./Core/Startup/startup_stm32f103c6ux.o
 .debug_line    0x0000000000005355      0x910 ./Drivers/STM32F1xx_HAL_Driver/Src/stm32f1xx_hal.o
 .debug_line    0x0000000000005c65      0xaf8 ./Drivers/STM32F1xx_HAL_Driver/Src/stm32f1xx_hal_cortex.o
 .debug_line    0x000000000000675d      0x993 ./Drivers/STM32F1xx_HAL_Driver/Src/stm32f1xx_hal_gpio.o
 .debug_line    0x00000000000070f0      0xd1c ./Drivers/STM32F1xx_HAL_Driver/Src/stm32f1xx_hal_rcc.o
 .debug_line    0x0000000000007e0c     0x3361 ./Drivers/STM32F1xx_HAL_Driver/Src/stm32f1xx_hal_tim.o
 .debug_line    0x000000000000b16d     0x1826 ./Drivers/STM32F1xx_HAL_Driver/Src/stm32f1xx_hal_tim_ex.o

.debug_str      0x0000000000000000    0x8615d
 .debug_str     0x0000000000000000    0x83592 ./Core/Src/7_SEGMENT.o
                                      0x839ae (size before relaxing)
 .debug_str     0x0000000000083592       0xec ./Core/Src/button.o
                                      0x7fd90 (size before relaxing)
 .debug_str     0x000000000008367e       0x6f ./Core/Src/fsm_auto.o
                                      0x83989 (size before relaxing)
 .debug_str     0x00000000000836ed       0x8b ./Core/Src/fsm_manual.o
                                      0x839a5 (size before relaxing)
 .debug_str     0x0000000000083778       0x15 ./Core/Src/global.o
                                      0x8392f (size before relaxing)
 .debug_str     0x000000000008378d       0x63 ./Core/Src/led.o
                                      0x839b9 (size before relaxing)
 .debug_str     0x00000000000837f0      0x6df ./Core/Src/main.o
                                      0x840dc (size before relaxing)
 .debug_str     0x0000000000083ecf      0x2ba ./Core/Src/stm32f1xx_hal_msp.o
                                      0x80421 (size before relaxing)
 .debug_str     0x0000000000084189       0xcd ./Core/Src/stm32f1xx_it.o
                                      0x80183 (size before relaxing)
 .debug_str     0x0000000000084256       0x52 ./Core/Src/system_stm32f1xx.o
                                      0x7f770 (size before relaxing)
 .debug_str     0x00000000000842a8       0x3c ./Core/Src/timer.o
                                       0x2e9c (size before relaxing)
 .debug_str     0x00000000000842e4       0x36 ./Core/Startup/startup_stm32f103c6ux.o
                                         0x64 (size before relaxing)
 .debug_str     0x000000000008431a      0x304 ./Drivers/STM32F1xx_HAL_Driver/Src/stm32f1xx_hal.o
                                      0x7fdc7 (size before relaxing)
 .debug_str     0x000000000008461e      0x300 ./Drivers/STM32F1xx_HAL_Driver/Src/stm32f1xx_hal_cortex.o
                                      0x7fdcf (size before relaxing)
 .debug_str     0x000000000008491e      0x324 ./Drivers/STM32F1xx_HAL_Driver/Src/stm32f1xx_hal_gpio.o
                                      0x7fb34 (size before relaxing)
 .debug_str     0x0000000000084c42      0x24f ./Drivers/STM32F1xx_HAL_Driver/Src/stm32f1xx_hal_rcc.o
                                      0x7fb6d (size before relaxing)
 .debug_str     0x0000000000084e91      0xdde ./Drivers/STM32F1xx_HAL_Driver/Src/stm32f1xx_hal_tim.o
                                      0x80b56 (size before relaxing)
 .debug_str     0x0000000000085c6f      0x4ee ./Drivers/STM32F1xx_HAL_Driver/Src/stm32f1xx_hal_tim_ex.o
                                      0x802f7 (size before relaxing)

.comment        0x0000000000000000       0x53
 .comment       0x0000000000000000       0x53 ./Core/Src/7_SEGMENT.o
                                         0x54 (size before relaxing)
 .comment       0x0000000000000053       0x54 ./Core/Src/button.o
 .comment       0x0000000000000053       0x54 ./Core/Src/fsm_auto.o
 .comment       0x0000000000000053       0x54 ./Core/Src/fsm_manual.o
 .comment       0x0000000000000053       0x54 ./Core/Src/global.o
 .comment       0x0000000000000053       0x54 ./Core/Src/led.o
 .comment       0x0000000000000053       0x54 ./Core/Src/main.o
 .comment       0x0000000000000053       0x54 ./Core/Src/stm32f1xx_hal_msp.o
 .comment       0x0000000000000053       0x54 ./Core/Src/stm32f1xx_it.o
 .comment       0x0000000000000053       0x54 ./Core/Src/system_stm32f1xx.o
 .comment       0x0000000000000053       0x54 ./Core/Src/timer.o
 .comment       0x0000000000000053       0x54 ./Drivers/STM32F1xx_HAL_Driver/Src/stm32f1xx_hal.o
 .comment       0x0000000000000053       0x54 ./Drivers/STM32F1xx_HAL_Driver/Src/stm32f1xx_hal_cortex.o
 .comment       0x0000000000000053       0x54 ./Drivers/STM32F1xx_HAL_Driver/Src/stm32f1xx_hal_gpio.o
 .comment       0x0000000000000053       0x54 ./Drivers/STM32F1xx_HAL_Driver/Src/stm32f1xx_hal_rcc.o
 .comment       0x0000000000000053       0x54 ./Drivers/STM32F1xx_HAL_Driver/Src/stm32f1xx_hal_tim.o
 .comment       0x0000000000000053       0x54 ./Drivers/STM32F1xx_HAL_Driver/Src/stm32f1xx_hal_tim_ex.o

.debug_frame    0x0000000000000000     0x2c14
 .debug_frame   0x0000000000000000       0x58 ./Core/Src/7_SEGMENT.o
 .debug_frame   0x0000000000000058      0x14c ./Core/Src/button.o
 .debug_frame   0x00000000000001a4       0xb8 ./Core/Src/fsm_auto.o
 .debug_frame   0x000000000000025c       0x84 ./Core/Src/fsm_manual.o
 .debug_frame   0x00000000000002e0       0x2c ./Core/Src/global.o
 .debug_frame   0x000000000000030c       0xc4 ./Core/Src/led.o
 .debug_frame   0x00000000000003d0       0xd4 ./Core/Src/main.o
 .debug_frame   0x00000000000004a4       0x80 ./Core/Src/stm32f1xx_hal_msp.o
 .debug_frame   0x0000000000000524      0x120 ./Core/Src/stm32f1xx_it.o
 .debug_frame   0x0000000000000644       0x58 ./Core/Src/system_stm32f1xx.o
 .debug_frame   0x000000000000069c       0x88 ./Core/Src/timer.o
 .debug_frame   0x0000000000000724      0x334 ./Drivers/STM32F1xx_HAL_Driver/Src/stm32f1xx_hal.o
 .debug_frame   0x0000000000000a58      0x428 ./Drivers/STM32F1xx_HAL_Driver/Src/stm32f1xx_hal_cortex.o
 .debug_frame   0x0000000000000e80      0x14c ./Drivers/STM32F1xx_HAL_Driver/Src/stm32f1xx_hal_gpio.o
 .debug_frame   0x0000000000000fcc      0x218 ./Drivers/STM32F1xx_HAL_Driver/Src/stm32f1xx_hal_rcc.o
 .debug_frame   0x00000000000011e4     0x11b4 ./Drivers/STM32F1xx_HAL_Driver/Src/stm32f1xx_hal_tim.o
 .debug_frame   0x0000000000002398      0x638 ./Drivers/STM32F1xx_HAL_Driver/Src/stm32f1xx_hal_tim_ex.o
 .debug_frame   0x00000000000029d0       0x2c c:/st/stm32cubeide_1.7.0/stm32cubeide/plugins/com.st.stm32cube.ide.mcu.externaltools.gnu-tools-for-stm32.9-2020-q2-update.win32_2.0.0.202105311346/tools/bin/../lib/gcc/arm-none-eabi/9.3.1/../../../../arm-none-eabi/lib/thumb/v7-m/nofp\libc_nano.a(lib_a-init.o)
 .debug_frame   0x00000000000029fc       0x20 c:/st/stm32cubeide_1.7.0/stm32cubeide/plugins/com.st.stm32cube.ide.mcu.externaltools.gnu-tools-for-stm32.9-2020-q2-update.win32_2.0.0.202105311346/tools/bin/../lib/gcc/arm-none-eabi/9.3.1/../../../../arm-none-eabi/lib/thumb/v7-m/nofp\libc_nano.a(lib_a-memset.o)
 .debug_frame   0x0000000000002a1c       0x34 c:/st/stm32cubeide_1.7.0/stm32cubeide/plugins/com.st.stm32cube.ide.mcu.externaltools.gnu-tools-for-stm32.9-2020-q2-update.win32_2.0.0.202105311346/tools/bin/../lib/gcc/arm-none-eabi/9.3.1/../../../../arm-none-eabi/lib/thumb/v7-m/nofp\libm.a(lib_a-s_ceil.o)
 .debug_frame   0x0000000000002a50       0x30 c:/st/stm32cubeide_1.7.0/stm32cubeide/plugins/com.st.stm32cube.ide.mcu.externaltools.gnu-tools-for-stm32.9-2020-q2-update.win32_2.0.0.202105311346/tools/bin/../lib/gcc/arm-none-eabi/9.3.1/thumb/v7-m/nofp\libgcc.a(_arm_muldf3.o)
 .debug_frame   0x0000000000002a80       0xac c:/st/stm32cubeide_1.7.0/stm32cubeide/plugins/com.st.stm32cube.ide.mcu.externaltools.gnu-tools-for-stm32.9-2020-q2-update.win32_2.0.0.202105311346/tools/bin/../lib/gcc/arm-none-eabi/9.3.1/thumb/v7-m/nofp\libgcc.a(_arm_addsubdf3.o)
 .debug_frame   0x0000000000002b2c       0xc4 c:/st/stm32cubeide_1.7.0/stm32cubeide/plugins/com.st.stm32cube.ide.mcu.externaltools.gnu-tools-for-stm32.9-2020-q2-update.win32_2.0.0.202105311346/tools/bin/../lib/gcc/arm-none-eabi/9.3.1/thumb/v7-m/nofp\libgcc.a(_arm_cmpdf2.o)
 .debug_frame   0x0000000000002bf0       0x24 c:/st/stm32cubeide_1.7.0/stm32cubeide/plugins/com.st.stm32cube.ide.mcu.externaltools.gnu-tools-for-stm32.9-2020-q2-update.win32_2.0.0.202105311346/tools/bin/../lib/gcc/arm-none-eabi/9.3.1/thumb/v7-m/nofp\libgcc.a(_arm_fixdfsi.o)
